Component: ARM Compiler 5.06 update 3 (build 300) Tool: armlink [4d35c9]

==============================================================================

Section Cross References

    startup_stm32f767xx.o(STACK) refers (Special) to heapauxi.o(.text) for __use_two_region_memory
    startup_stm32f767xx.o(HEAP) refers (Special) to heapauxi.o(.text) for __use_two_region_memory
    startup_stm32f767xx.o(RESET) refers (Special) to heapauxi.o(.text) for __use_two_region_memory
    startup_stm32f767xx.o(RESET) refers to startup_stm32f767xx.o(STACK) for __initial_sp
    startup_stm32f767xx.o(RESET) refers to startup_stm32f767xx.o(.text) for Reset_Handler
    startup_stm32f767xx.o(RESET) refers to usart.o(i.USART1_IRQHandler) for USART1_IRQHandler
    startup_stm32f767xx.o(.text) refers (Special) to heapauxi.o(.text) for __use_two_region_memory
    startup_stm32f767xx.o(.text) refers to __main.o(!!!main) for __main
    startup_stm32f767xx.o(.text) refers to startup_stm32f767xx.o(HEAP) for Heap_Mem
    startup_stm32f767xx.o(.text) refers to startup_stm32f767xx.o(STACK) for Stack_Mem
    test.o(i.main) refers to sys.o(i.Stm32_Clock_Init) for Stm32_Clock_Init
    test.o(i.main) refers to delay.o(i.delay_init) for delay_init
    test.o(i.main) refers to usart.o(i.uart_init) for uart_init
    test.o(i.main) refers to led.o(i.LED_Init) for LED_Init
    test.o(i.main) refers to log.o(i.app_log) for app_log
    test.o(i.main) refers to __2printf.o(.text) for __2printf
    test.o(i.main) refers to sys.o(i.GPIO_Pin_Set) for GPIO_Pin_Set
    test.o(i.main) refers to delay.o(i.delay_ms) for delay_ms
    test.o(i.main) refers to usart.o(.data) for USART_RX_STA
    test.o(i.main) refers to usart.o(.bss) for USART_RX_BUF
    log.o(i.app_log) refers to _printf_percent.o(.ARM.Collect$$_printf_percent$$00000000) for _printf_percent
    log.o(i.app_log) refers to _printf_s.o(.ARM.Collect$$_printf_percent$$00000014) for _printf_s
    log.o(i.app_log) refers to _printf_str.o(.text) for _printf_str
    log.o(i.app_log) refers to __2printf.o(.text) for __2printf
    log.o(i.app_log) refers to vprintf.o(.text) for vprintf
    delay.o(i.delay_init) refers to delay.o(.data) for fac_us
    delay.o(i.delay_ms) refers to delay.o(i.delay_xms) for delay_xms
    delay.o(i.delay_us) refers to delay.o(.data) for fac_us
    delay.o(i.delay_xms) refers to delay.o(.data) for fac_ms
    sys.o(i.Cache_Enable) refers to sys.o(i.SCB_EnableDCache) for SCB_EnableDCache
    sys.o(i.MY_NVIC_Init) refers to sys.o(i.MY_NVIC_PriorityGroupConfig) for MY_NVIC_PriorityGroupConfig
    sys.o(i.Stm32_Clock_Init) refers to sys.o(i.Cache_Enable) for Cache_Enable
    sys.o(i.Stm32_Clock_Init) refers to sys.o(i.Sys_Clock_Set) for Sys_Clock_Set
    sys.o(i.Stm32_Clock_Init) refers to sys.o(i.MY_NVIC_SetVectorTable) for MY_NVIC_SetVectorTable
    sys.o(i.Sys_Standby) refers to sys.o(i.WFI_SET) for WFI_SET
    usart.o(.rev16_text) refers (Special) to use_no_semi_2.o(.text) for __use_no_semihosting
    usart.o(.revsh_text) refers (Special) to use_no_semi_2.o(.text) for __use_no_semihosting
    usart.o(.rrx_text) refers (Special) to use_no_semi_2.o(.text) for __use_no_semihosting
    usart.o(i.USART1_IRQHandler) refers (Special) to use_no_semi_2.o(.text) for __use_no_semihosting
    usart.o(i.USART1_IRQHandler) refers to usart.o(.data) for USART_RX_STA
    usart.o(i.USART1_IRQHandler) refers to usart.o(.bss) for USART_RX_BUF
    usart.o(i._sys_exit) refers (Special) to use_no_semi_2.o(.text) for __use_no_semihosting
    usart.o(i._ttywrch) refers (Special) to use_no_semi_2.o(.text) for __use_no_semihosting
    usart.o(i.fputc) refers (Special) to use_no_semi_2.o(.text) for __use_no_semihosting
    usart.o(i.uart_init) refers (Special) to use_no_semi_2.o(.text) for __use_no_semihosting
    usart.o(i.uart_init) refers to sys.o(i.GPIO_Set) for GPIO_Set
    usart.o(i.uart_init) refers to sys.o(i.GPIO_AF_Set) for GPIO_AF_Set
    usart.o(i.uart_init) refers to sys.o(i.MY_NVIC_Init) for MY_NVIC_Init
    usart.o(.bss) refers (Special) to use_no_semi_2.o(.text) for __use_no_semihosting
    usart.o(.data) refers (Special) to use_no_semi_2.o(.text) for __use_no_semihosting
    led.o(i.LED_Init) refers to sys.o(i.GPIO_Set) for GPIO_Set
    led.o(i.LED_Init) refers to sys.o(i.GPIO_Pin_Set) for GPIO_Pin_Set
    use_no_semi_2.o(.text) refers (Special) to use_no_semi.o(.text) for __use_no_semihosting_swi
    vprintf.o(.text) refers (Special) to _printf_a.o(.ARM.Collect$$_printf_percent$$00000006) for _printf_a
    vprintf.o(.text) refers (Special) to _printf_c.o(.ARM.Collect$$_printf_percent$$00000013) for _printf_c
    vprintf.o(.text) refers (Special) to _printf_charcount.o(.text) for _printf_charcount
    vprintf.o(.text) refers (Special) to _printf_d.o(.ARM.Collect$$_printf_percent$$00000009) for _printf_d
    vprintf.o(.text) refers (Special) to _printf_e.o(.ARM.Collect$$_printf_percent$$00000004) for _printf_e
[...]
    ../clib/angel/rt.s                       0x00000000   Number         0  rt_locale.o ABSOLUTE
    ../clib/angel/rt.s                       0x00000000   Number         0  rt_ctype_table.o ABSOLUTE
    ../clib/angel/scatter.s                  0x00000000   Number         0  __scatter.o ABSOLUTE
    ../clib/angel/startup.s                  0x00000000   Number         0  __main.o ABSOLUTE
    ../clib/angel/sys.s                      0x00000000   Number         0  libspace.o ABSOLUTE
    ../clib/angel/sys.s                      0x00000000   Number         0  use_no_semi_2.o ABSOLUTE
    ../clib/angel/sys.s                      0x00000000   Number         0  indicate_semi.o ABSOLUTE
    ../clib/angel/sys.s                      0x00000000   Number         0  use_no_semi.o ABSOLUTE
    ../clib/angel/sys.s                      0x00000000   Number         0  sys_stackheap_outer.o ABSOLUTE
    ../clib/angel/sysapp.c                   0x00000000   Number         0  sys_command.o ABSOLUTE
    ../clib/armsys.c                         0x00000000   Number         0  argv_veneer.o ABSOLUTE
    ../clib/armsys.c                         0x00000000   Number         0  argv_veneer.o ABSOLUTE
    ../clib/armsys.c                         0x00000000   Number         0  no_argv.o ABSOLUTE
    ../clib/armsys.c                         0x00000000   Number         0  _get_argv_nomalloc.o ABSOLUTE
    ../clib/bigflt.c                         0x00000000   Number         0  bigflt0.o ABSOLUTE
    ../clib/btod.s                           0x00000000   Number         0  btod.o ABSOLUTE
    ../clib/heapalloc.c                      0x00000000   Number         0  hrguard.o ABSOLUTE
    ../clib/heapaux.c                        0x00000000   Number         0  heapauxi.o ABSOLUTE
    ../clib/libinit.s                        0x00000000   Number         0  libshutdown.o ABSOLUTE
    ../clib/libinit.s                        0x00000000   Number         0  libinit.o ABSOLUTE
    ../clib/libinit.s                        0x00000000   Number         0  libinit2.o ABSOLUTE
    ../clib/libinit.s                        0x00000000   Number         0  libshutdown2.o ABSOLUTE
    ../clib/locale.c                         0x00000000   Number         0  _wcrtomb.o ABSOLUTE
    ../clib/locale.s                         0x00000000   Number         0  lc_numeric_c.o ABSOLUTE
    ../clib/locale.s                         0x00000000   Number         0  lc_ctype_c.o ABSOLUTE
    ../clib/longlong.s                       0x00000000   Number         0  lludiv10.o ABSOLUTE
    ../clib/memcpset.s                       0x00000000   Number         0  strcmpv7m_pel.o ABSOLUTE
    ../clib/misc.s                           0x00000000   Number         0  printf_stubs.o ABSOLUTE
    ../clib/printf.c                         0x00000000   Number         0  _printf_charcount.o ABSOLUTE
    ../clib/printf.c                         0x00000000   Number         0  _printf_fp_dec.o ABSOLUTE
    ../clib/printf.c                         0x00000000   Number         0  _printf_dec.o ABSOLUTE
    ../clib/printf.c                         0x00000000   Number         0  _printf_intcommon.o ABSOLUTE
    ../clib/printf.c                         0x00000000   Number         0  _printf_truncate.o ABSOLUTE
    ../clib/printf.c                         0x00000000   Number         0  _printf_pad.o ABSOLUTE
    ../clib/printf.c                         0x00000000   Number         0  _printf_hex_int_ll_ptr.o ABSOLUTE
    ../clib/printf.c                         0x00000000   Number         0  _printf_char.o ABSOLUTE
    ../clib/printf.c                         0x00000000   Number         0  _printf_hex_ll_ptr.o ABSOLUTE
    ../clib/printf.c                         0x00000000   Number         0  vprintf.o ABSOLUTE
    ../clib/printf.c                         0x00000000   Number         0  _printf_hex_int_ptr.o ABSOLUTE
    ../clib/printf.c                         0x00000000   Number         0  __2printf.o ABSOLUTE
    ../clib/printf.c                         0x00000000   Number         0  _printf_hex_ptr.o ABSOLUTE
    ../clib/printf.c                         0x00000000   Number         0  noretval__2printf.o ABSOLUTE
    ../clib/printf.c                         0x00000000   Number         0  __printf.o ABSOLUTE
    ../clib/printf.c                         0x00000000   Number         0  _printf_hex_int_ll.o ABSOLUTE
    ../clib/printf.c                         0x00000000   Number         0  _printf_hex_int.o ABSOLUTE
    ../clib/printf.c                         0x00000000   Number         0  __printf_flags.o ABSOLUTE
    ../clib/printf.c                         0x00000000   Number         0  _printf_hex_ll.o ABSOLUTE
    ../clib/printf.c                         0x00000000   Number         0  __printf_flags_ss.o ABSOLUTE
    ../clib/printf.c                         0x00000000   Number         0  __printf_wp.o ABSOLUTE
    ../clib/printf.c                         0x00000000   Number         0  _printf_oct_int_ll.o ABSOLUTE
    ../clib/printf.c                         0x00000000   Number         0  __printf_flags_wp.o ABSOLUTE
    ../clib/printf.c                         0x00000000   Number         0  __printf_ss_wp.o ABSOLUTE
    ../clib/printf.c                         0x00000000   Number         0  __printf_flags_ss_wp.o ABSOLUTE
    ../clib/printf.c                         0x00000000   Number         0  _printf_oct_int.o ABSOLUTE
    ../clib/printf.c                         0x00000000   Number         0  _printf_longlong_dec.o ABSOLUTE
    ../clib/printf.c                         0x00000000   Number         0  __printf_ss.o ABSOLUTE
    ../clib/printf.c                         0x00000000   Number         0  __printf_nopercent.o ABSOLUTE
    ../clib/printf.c                         0x00000000   Number         0  _printf_fp_infnan.o ABSOLUTE
    ../clib/printf.c                         0x00000000   Number         0  _printf_wctomb.o ABSOLUTE
    ../clib/printf.c                         0x00000000   Number         0  _printf_str.o ABSOLUTE
    ../clib/printf.c                         0x00000000   Number         0  _printf_char_file.o ABSOLUTE
    ../clib/printf.c                         0x00000000   Number         0  _printf_oct_ll.o ABSOLUTE
    ../clib/printf.c                         0x00000000   Number         0  _printf_fp_hex.o ABSOLUTE
    ../clib/printf.c                         0x00000000   Number         0  _printf_wchar.o ABSOLUTE
    ../clib/printf.c                         0x00000000   Number         0  _printf_char_common.o ABSOLUTE
    ../clib/printf_percent.s                 0x00000000   Number         0  _printf_l.o ABSOLUTE
    ../clib/printf_percent.s                 0x00000000   Number         0  _printf_p.o ABSOLUTE
    ../clib/printf_percent.s                 0x00000000   Number         0  _printf_o.o ABSOLUTE
    ../clib/printf_percent.s                 0x00000000   Number         0  _printf_lc.o ABSOLUTE
    ../clib/printf_percent.s                 0x00000000   Number         0  _printf_i.o ABSOLUTE
    ../clib/printf_percent.s                 0x00000000   Number         0  _printf_ls.o ABSOLUTE
    ../clib/printf_percent.s                 0x00000000   Number         0  _printf_d.o ABSOLUTE
    ../clib/printf_percent.s                 0x00000000   Number         0  _printf_llo.o ABSOLUTE
    ../clib/printf_percent.s                 0x00000000   Number         0  _printf_llx.o ABSOLUTE
    ../clib/printf_percent.s                 0x00000000   Number         0  _printf_f.o ABSOLUTE
    ../clib/printf_percent.s                 0x00000000   Number         0  _printf_s.o ABSOLUTE
    ../clib/printf_percent.s                 0x00000000   Number         0  _printf_e.o ABSOLUTE
    ../clib/printf_percent.s                 0x00000000   Number         0  _printf_percent.o ABSOLUTE
    ../clib/printf_percent.s                 0x00000000   Number         0  _printf_g.o ABSOLUTE
    ../clib/printf_percent.s                 0x00000000   Number         0  _printf_u.o ABSOLUTE
    ../clib/printf_percent.s                 0x00000000   Number         0  _printf_a.o ABSOLUTE
    ../clib/printf_percent.s                 0x00000000   Number         0  _printf_c.o ABSOLUTE
    ../clib/printf_percent.s                 0x00000000   Number         0  _printf_percent_end.o ABSOLUTE
    ../clib/printf_percent.s                 0x00000000   Number         0  _printf_lli.o ABSOLUTE
    ../clib/printf_percent.s                 0x00000000   Number         0  _printf_lld.o ABSOLUTE
    ../clib/printf_percent.s                 0x00000000   Number         0  _printf_n.o ABSOLUTE
    ../clib/printf_percent.s                 0x00000000   Number         0  _printf_llu.o ABSOLUTE
    ../clib/printf_percent.s                 0x00000000   Number         0  _printf_x.o ABSOLUTE
    ../clib/printf_percent.s                 0x00000000   Number         0  _printf_ll.o ABSOLUTE
    ../clib/signal.c                         0x00000000   Number         0  defsig_fpe_inner.o ABSOLUTE
    ../clib/signal.c                         0x00000000   Number         0  defsig_abrt_inner.o ABSOLUTE
    ../clib/signal.c                         0x00000000   Number         0  defsig_rtmem_outer.o ABSOLUTE
    ../clib/signal.c                         0x00000000   Number         0  defsig_rtmem_formal.o ABSOLUTE
    ../clib/signal.c                         0x00000000   Number         0  defsig_rtmem_inner.o ABSOLUTE
    ../clib/signal.c                         0x00000000   Number         0  defsig_exit.o ABSOLUTE
    ../clib/signal.c                         0x00000000   Number         0  defsig_general.o ABSOLUTE
    ../clib/signal.c                         0x00000000   Number         0  __raise.o ABSOLUTE
    ../clib/signal.c                         0x00000000   Number         0  defsig_other.o ABSOLUTE
    ../clib/signal.c                         0x00000000   Number         0  defsig_segv_inner.o ABSOLUTE
    ../clib/signal.c                         0x00000000   Number         0  defsig_cppl_inner.o ABSOLUTE
    ../clib/signal.c                         0x00000000   Number         0  defsig_pvfn_inner.o ABSOLUTE
    ../clib/signal.c                         0x00000000   Number         0  defsig_stak_inner.o ABSOLUTE
    ../clib/signal.c                         0x00000000   Number         0  defsig_rtred_inner.o ABSOLUTE
    ../clib/signal.s                         0x00000000   Number         0  defsig.o ABSOLUTE
    ../clib/stdio.c                          0x00000000   Number         0  ferror.o ABSOLUTE
    ../clib/stdio.c                          0x00000000   Number         0  ferror_locked.o ABSOLUTE
    ../clib/stdlib.c                         0x00000000   Number         0  exit.o ABSOLUTE
    ../fplib/fpinit.s                        0x00000000   Number         0  fpinit.o ABSOLUTE
    ../fplib/istatus.s                       0x00000000   Number         0  istatus.o ABSOLUTE
    ../fplib/printf1.s                       0x00000000   Number         0  printf1.o ABSOLUTE
    ../fplib/printf2.s                       0x00000000   Number         0  printf2.o ABSOLUTE
    ../fplib/printf2a.s                      0x00000000   Number         0  printf2a.o ABSOLUTE
    ../fplib/printf2b.s                      0x00000000   Number         0  printf2b.o ABSOLUTE
    ../fplib/usenofp.s                       0x00000000   Number         0  usenofp.o ABSOLUTE
    ../mathlib/fpclassify.c                  0x00000000   Number         0  fpclassify.o ABSOLUTE
    ..\HARDWARE\LED\led.c                    0x00000000   Number         0  led.o ABSOLUTE
    ..\SYSTEM\delay\delay.c                  0x00000000   Number         0  delay.o ABSOLUTE
    ..\SYSTEM\sys\sys.c                      0x00000000   Number         0  sys.o ABSOLUTE
    ..\SYSTEM\usart\usart.c                  0x00000000   Number         0  usart.o ABSOLUTE
    ..\\HARDWARE\\LED\\led.c                 0x00000000   Number         0  led.o ABSOLUTE
    ..\\SYSTEM\\delay\\delay.c               0x00000000   Number         0  delay.o ABSOLUTE
    ..\\SYSTEM\\sys\\sys.c                   0x00000000   Number         0  sys.o ABSOLUTE
    ..\\SYSTEM\\usart\\usart.c               0x00000000   Number         0  usart.o ABSOLUTE
    dc.s                                     0x00000000   Number         0  dc.o ABSOLUTE
    log.c                                    0x00000000   Number         0  log.o ABSOLUTE
    log.c                                    0x00000000   Number         0  log.o ABSOLUTE
    startup_stm32f767xx.s                    0x00000000   Number         0  startup_stm32f767xx.o ABSOLUTE
    test.c                                   0x00000000   Number         0  test.o ABSOLUTE
    test.c                                   0x00000000   Number         0  test.o ABSOLUTE
    RESET                                    0x08000000   Section      504  startup_stm32f767xx.o(RESET)
    !!!main                                  0x080001f8   Section        8  __main.o(!!!main)
    !!!scatter                               0x08000200   Section       52  __scatter.o(!!!scatter)
    !!handler_copy                           0x08000234   Section       26  __scatter_copy.o(!!handler_copy)
    !!handler_zi                             0x08000250   Section       28  __scatter_zi.o(!!handler_zi)
    .ARM.Collect$$_printf_percent$$00000000  0x0800026c   Section        0  _printf_percent.o(.ARM.Collect$$_printf_percent$$00000000)
    .ARM.Collect$$_printf_percent$$00000001  0x0800026c   Section        6  _printf_n.o(.ARM.Collect$$_printf_percent$$00000001)
    .ARM.Collect$$_printf_percent$$00000002  0x08000272   Section        6  _printf_p.o(.ARM.Collect$$_printf_percent$$00000002)
    .ARM.Collect$$_printf_percent$$00000003  0x08000278   Section        6  _printf_f.o(.ARM.Collect$$_printf_percent$$00000003)
    .ARM.Collect$$_printf_percent$$00000004  0x0800027e   Section        6  _printf_e.o(.ARM.Collect$$_printf_percent$$00000004)
    .ARM.Collect$$_printf_percent$$00000005  0x08000284   Section        6  _printf_g.o(.ARM.Collect$$_printf_percent$$00000005)
    .ARM.Collect$$_printf_percent$$00000006  0x0800028a   Section        6  _printf_a.o(.ARM.Collect$$_printf_percent$$00000006)
    .ARM.Collect$$_printf_percent$$00000007  0x08000290   Section       10  _printf_ll.o(.ARM.Collect$$_printf_percent$$00000007)
    .ARM.Collect$$_printf_percent$$00000008  0x0800029a   Section        6  _printf_i.o(.ARM.Collect$$_printf_percent$$00000008)
    .ARM.Collect$$_printf_percent$$00000009  0x080002a0   Section        6  _printf_d.o(.ARM.Collect$$_printf_percent$$00000009)
    .ARM.Collect$$_printf_percent$$0000000A  0x080002a6   Section        6  _printf_u.o(.ARM.Collect$$_printf_percent$$0000000A)
    .ARM.Collect$$_printf_percent$$0000000B  0x080002ac   Section        6  _printf_o.o(.ARM.Collect$$_printf_percent$$0000000B)
    .ARM.Collect$$_printf_percent$$0000000C  0x080002b2   Section        6  _printf_x.o(.ARM.Collect$$_printf_percent$$0000000C)
    .ARM.Collect$$_printf_percent$$0000000D  0x080002b8   Section        6  _printf_lli.o(.ARM.Collect$$_printf_percent$$0000000D)
    .ARM.Collect$$_printf_percent$$0000000E  0x080002be   Section        6  _printf_lld.o(.ARM.Collect$$_printf_percent$$0000000E)
    .ARM.Collect$$_printf_percent$$0000000F  0x080002c4   Section        6  _printf_llu.o(.ARM.Collect$$_printf_percent$$0000000F)
    .ARM.Collect$$_printf_percent$$00000010  0x080002ca   Section        6  _printf_llo.o(.ARM.Collect$$_printf_percent$$00000010)
    .ARM.Collect$$_printf_percent$$00000011  0x080002d0   Section        6  _printf_llx.o(.ARM.Collect$$_printf_percent$$00000011)
    .ARM.Collect$$_printf_percent$$00000012  0x080002d6   Section       10  _printf_l.o(.ARM.Collect$$_printf_percent$$00000012)
    .ARM.Collect$$_printf_percent$$00000013  0x080002e0   Section        6  _printf_c.o(.ARM.Collect$$_printf_percent$$00000013)
    .ARM.Collect$$_printf_percent$$00000014  0x080002e6   Section        6  _printf_s.o(.ARM.Collect$$_printf_percent$$00000014)
    .ARM.Collect$$_printf_percent$$00000015  0x080002ec   Section        6  _printf_lc.o(.ARM.Collect$$_printf_percent$$00000015)
    .ARM.Collect$$_printf_percent$$00000016  0x080002f2   Section        6  _printf_ls.o(.ARM.Collect$$_printf_percent$$00000016)
    .ARM.Collect$$_printf_percent$$00000017  0x080002f8   Section        4  _printf_percent_end.o(.ARM.Collect$$_printf_percent$$00000017)
    .ARM.Collect$$libinit$$00000000          0x080002fc   Section        2  libinit.o(.ARM.Collect$$libinit$$00000000)
    .ARM.Collect$$libinit$$00000001          0x080002fe   Section        4  libinit2.o(.ARM.Collect$$libinit$$00000001)
    .ARM.Collect$$libinit$$00000004          0x08000302   Section        0  libinit2.o(.ARM.Collect$$libinit$$00000004)
    .ARM.Collect$$libinit$$0000000A          0x08000302   Section        0  libinit2.o(.ARM.Collect$$libinit$$0000000A)
    .ARM.Collect$$libinit$$0000000C          0x08000302   Section        0  libinit2.o(.ARM.Collect$$libinit$$0000000C)
    .ARM.Collect$$libinit$$0000000E          0x08000302   Section        0  libinit2.o(.ARM.Collect$$libinit$$0000000E)
    .ARM.Collect$$libinit$$0000000F          0x08000302   Section        6  libinit2.o(.ARM.Collect$$libinit$$0000000F)
    .ARM.Collect$$libinit$$00000011          0x08000308   Section        0  libinit2.o(.ARM.Collect$$libinit$$00000011)
    .ARM.Collect$$libinit$$00000012          0x08000308   Section       12  libinit2.o(.ARM.Collect$$libinit$$00000012)
    .ARM.Collect$$libinit$$00000013          0x08000314   Section        0  libinit2.o(.ARM.Collect$$libinit$$00000013)
    .ARM.Collect$$libinit$$00000015          0x08000314   Section        0  libinit2.o(.ARM.Collect$$libinit$$00000015)
    .ARM.Collect$$libinit$$00000016          0x08000314   Section       10  libinit2.o(.ARM.Collect$$libinit$$00000016)
    .ARM.Collect$$libinit$$00000017          0x0800031e   Section        0  libinit2.o(.ARM.Collect$$libinit$$00000017)
    .ARM.Collect$$libinit$$00000019          0x0800031e   Section        0  libinit2.o(.ARM.Collect$$libinit$$00000019)
    .ARM.Collect$$libinit$$0000001B          0x0800031e   Section        0  libinit2.o(.ARM.Collect$$libinit$$0000001B)
    .ARM.Collect$$libinit$$0000001D          0x0800031e   Section        0  libinit2.o(.ARM.Collect$$libinit$$0000001D)
    .ARM.Collect$$libinit$$0000001F          0x0800031e   Section        0  libinit2.o(.ARM.Collect$$libinit$$0000001F)
    .ARM.Collect$$libinit$$00000021          0x0800031e   Section        0  libinit2.o(.ARM.Collect$$libinit$$00000021)
    .ARM.Collect$$libinit$$00000023          0x0800031e   Section        0  libinit2.o(.ARM.Collect$$libinit$$00000023)
    .ARM.Collect$$libinit$$00000025          0x0800031e   Section        0  libinit2.o(.ARM.Collect$$libinit$$00000025)
    .ARM.Collect$$libinit$$0000002C          0x0800031e   Section        0  libinit2.o(.ARM.Collect$$libinit$$0000002C)
    .ARM.Collect$$libinit$$0000002E          0x0800031e   Section        0  libinit2.o(.ARM.Collect$$libinit$$0000002E)
    .ARM.Collect$$libinit$$00000030          0x0800031e   Section        0  libinit2.o(.ARM.Collect$$libinit$$00000030)
    .ARM.Collect$$libinit$$00000032          0x0800031e   Section        0  libinit2.o(.ARM.Collect$$libinit$$00000032)
    .ARM.Collect$$libinit$$00000033          0x0800031e   Section        2  libinit2.o(.ARM.Collect$$libinit$$00000033)
    .ARM.Collect$$libshutdown$$00000000      0x08000320   Section        2  libshutdown.o(.ARM.Collect$$libshutdown$$00000000)
    .ARM.Collect$$libshutdown$$00000002      0x08000322   Section        0  libshutdown2.o(.ARM.Collect$$libshutdown$$00000002)
    .ARM.Collect$$libshutdown$$00000004      0x08000322   Section        0  libshutdown2.o(.ARM.Collect$$libshutdown$$00000004)
    .ARM.Collect$$libshutdown$$00000007      0x08000322   Section        0  libshutdown2.o(.ARM.Collect$$libshutdown$$00000007)
    .ARM.Collect$$libshutdown$$0000000A      0x08000322   Section        0  libshutdown2.o(.ARM.Collect$$libshutdown$$0000000A)
    .ARM.Collect$$libshutdown$$0000000C      0x08000322   Section        0  libshutdown2.o(.ARM.Collect$$libshutdown$$0000000C)
    .ARM.Collect$$libshutdown$$0000000F      0x08000322   Section        0  libshutdown2.o(.ARM.Collect$$libshutdown$$0000000F)
    .ARM.Collect$$libshutdown$$00000010      0x08000322   Section        2  libshutdown2.o(.ARM.Collect$$libshutdown$$00000010)
    .ARM.Collect$$rtentry$$00000000          0x08000324   Section        0  __rtentry.o(.ARM.Collect$$rtentry$$00000000)
    .ARM.Collect$$rtentry$$00000002          0x08000324   Section        0  __rtentry2.o(.ARM.Collect$$rtentry$$00000002)
    .ARM.Collect$$rtentry$$00000004          0x08000324   Section        6  __rtentry4.o(.ARM.Collect$$rtentry$$00000004)
    .ARM.Collect$$rtentry$$00000009          0x0800032a   Section        0  __rtentry2.o(.ARM.Collect$$rtentry$$00000009)
    .ARM.Collect$$rtentry$$0000000A          0x0800032a   Section        4  __rtentry2.o(.ARM.Collect$$rtentry$$0000000A)
    .ARM.Collect$$rtentry$$0000000C          0x0800032e   Section        0  __rtentry2.o(.ARM.Collect$$rtentry$$0000000C)
    .ARM.Collect$$rtentry$$0000000D          0x0800032e   Section        8  __rtentry2.o(.ARM.Collect$$rtentry$$0000000D)
    .ARM.Collect$$rtexit$$00000000           0x08000336   Section        2  rtexit.o(.ARM.Collect$$rtexit$$00000000)
    .ARM.Collect$$rtexit$$00000002           0x08000338   Section        0  rtexit2.o(.ARM.Collect$$rtexit$$00000002)
    .ARM.Collect$$rtexit$$00000003           0x08000338   Section        4  rtexit2.o(.ARM.Collect$$rtexit$$00000003)
    .ARM.Collect$$rtexit$$00000004           0x0800033c   Section        6  rtexit2.o(.ARM.Collect$$rtexit$$00000004)
    .text                                    0x08000344   Section       92  startup_stm32f767xx.o(.text)
    $v0                                      0x08000344   Number         0  startup_stm32f767xx.o(.text)
    .text                                    0x080003a0   Section        2  use_no_semi_2.o(.text)
    .text                                    0x080003a4   Section        0  vprintf.o(.text)
    .text                                    0x080003b0   Section        0  __2printf.o(.text)
    .text                                    0x080003c8   Section        0  _printf_str.o(.text)
    .text                                    0x0800041c   Section        0  __printf_flags_ss_wp.o(.text)
    .text                                    0x080005a4   Section        0  heapauxi.o(.text)
    .text                                    0x080005aa   Section        2  use_no_semi.o(.text)
    .text                                    0x080005ac   Section        0  _printf_pad.o(.text)
    .text                                    0x080005fa   Section        0  _printf_truncate.o(.text)
    .text                                    0x08000620   Section        0  _printf_dec.o(.text)
    .text                                    0x08000698   Section        0  _printf_charcount.o(.text)
    .text                                    0x080006c0   Section        0  _printf_char.o(.text)
    .text                                    0x080006ec   Section        0  _printf_char_file.o(.text)
    .text                                    0x08000710   Section        0  _printf_wctomb.o(.text)
    .text                                    0x080007cc   Section        0  _printf_longlong_dec.o(.text)
    .text                                    0x08000848   Section        0  _printf_oct_int_ll.o(.text)
    _printf_longlong_oct_internal            0x08000849   Thumb Code     0  _printf_oct_int_ll.o(.text)
    .text                                    0x080008b8   Section        0  _printf_hex_int_ll_ptr.o(.text)
    _printf_hex_common                       0x080008b9   Thumb Code     0  _printf_hex_int_ll_ptr.o(.text)
    .text                                    0x0800094c   Section      138  lludiv10.o(.text)
    .text                                    0x080009d6   Section        0  _printf_intcommon.o(.text)
    .text                                    0x08000a88   Section        0  _printf_fp_dec.o(.text)
    _fp_digits                               0x08000a8b   Thumb Code   428  _printf_fp_dec.o(.text)
    .text                                    0x08000ea4   Section        0  _printf_fp_hex.o(.text)
    .text                                    0x080011a0   Section        0  _printf_char_common.o(.text)
    _printf_input_char                       0x080011a1   Thumb Code    10  _printf_char_common.o(.text)
    .text                                    0x080011d0   Section        0  _printf_wchar.o(.text)
    .text                                    0x080011fc   Section        0  ferror.o(.text)
    .text                                    0x08001204   Section        0  _wcrtomb.o(.text)
    .text                                    0x08001244   Section       74  sys_stackheap_outer.o(.text)
    .text                                    0x08001290   Section       16  rt_ctype_table.o(.text)
    .text                                    0x080012a0   Section        8  rt_locale_intlibspace.o(.text)
    .text                                    0x080012a8   Section        0  _printf_fp_infnan.o(.text)
    .text                                    0x08001328   Section        0  bigflt0.o(.text)
    .text                                    0x08001404   Section        0  exit.o(.text)
    .text                                    0x08001418   Section        8  libspace.o(.text)
    .text                                    0x08001420   Section      104  strcmpv7m_pel.o(.text)
    CL$$btod_d2e                             0x08001488   Section       62  btod.o(CL$$btod_d2e)
    CL$$btod_d2e_denorm_low                  0x080014c6   Section       70  btod.o(CL$$btod_d2e_denorm_low)
    CL$$btod_d2e_norm_op1                    0x0800150c   Section       96  btod.o(CL$$btod_d2e_norm_op1)
    CL$$btod_div_common                      0x0800156c   Section      824  btod.o(CL$$btod_div_common)
    CL$$btod_e2e                             0x080018a4   Section      198  btod.o(CL$$btod_e2e)
    CL$$btod_ediv                            0x0800196a   Section       40  btod.o(CL$$btod_ediv)
    CL$$btod_emul                            0x08001992   Section       40  btod.o(CL$$btod_emul)
    CL$$btod_mult_common                     0x080019ba   Section      580  btod.o(CL$$btod_mult_common)
    i.Cache_Enable                           0x08001c00   Section        0  sys.o(i.Cache_Enable)
    i.GPIO_AF_Set                            0x08001c78   Section        0  sys.o(i.GPIO_AF_Set)
    i.GPIO_Pin_Set                           0x08001cb8   Section        0  sys.o(i.GPIO_Pin_Set)
    i.GPIO_Set                               0x08001cc8   Section        0  sys.o(i.GPIO_Set)
    i.LED_Init                               0x08001da8   Section        0  led.o(i.LED_Init)
    i.MY_NVIC_Init                           0x08001de8   Section        0  sys.o(i.MY_NVIC_Init)
    i.MY_NVIC_PriorityGroupConfig            0x08001e60   Section        0  sys.o(i.MY_NVIC_PriorityGroupConfig)
    i.MY_NVIC_SetVectorTable                 0x08001e88   Section        0  sys.o(i.MY_NVIC_SetVectorTable)
    i.SCB_EnableDCache                       0x08001e98   Section        0  sys.o(i.SCB_EnableDCache)
    SCB_EnableDCache                         0x08001e99   Thumb Code   148  sys.o(i.SCB_EnableDCache)
    i.Stm32_Clock_Init                       0x08001f34   Section        0  sys.o(i.Stm32_Clock_Init)
    i.Sys_Clock_Set                          0x08001fa4   Section        0  sys.o(i.Sys_Clock_Set)
    i.USART1_IRQHandler                      0x080020b8   Section        0  usart.o(i.USART1_IRQHandler)
    i.__ARM_fpclassify                       0x08002138   Section        0  fpclassify.o(i.__ARM_fpclassify)
    i._is_digit                              0x08002168   Section        0  __printf_wp.o(i._is_digit)
    i._sys_exit                              0x08002176   Section        0  usart.o(i._sys_exit)
    i.app_log                                0x0800217c   Section        0  log.o(i.app_log)
    i.delay_init                             0x080021d4   Section        0  delay.o(i.delay_init)
    i.delay_ms                               0x0800220c   Section        0  delay.o(i.delay_ms)
    i.delay_xms                              0x08002244   Section        0  delay.o(i.delay_xms)
    i.fputc                                  0x08002280   Section        0  usart.o(i.fputc)
    i.main                                   0x0800229c   Section        0  test.o(i.main)
    i.uart_init                              0x08002410   Section        0  usart.o(i.uart_init)
    locale$$code                             0x080024cc   Section       44  lc_numeric_c.o(locale$$code)
    locale$$code                             0x080024f8   Section       44  lc_ctype_c.o(locale$$code)
    x$fpl$fpinit                             0x08002524   Section       10  fpinit.o(x$fpl$fpinit)
    $v0                                      0x08002524   Number         0  fpinit.o(x$fpl$fpinit)
    x$fpl$printf1                            0x0800252e   Section        4  printf1.o(x$fpl$printf1)
    $v0                                      0x0800252e   Number         0  printf1.o(x$fpl$printf1)
    x$fpl$printf2                            0x08002532   Section        4  printf2.o(x$fpl$printf2)
    $v0                                      0x08002532   Number         0  printf2.o(x$fpl$printf2)
    .constdata                               0x08002536   Section       17  __printf_flags_ss_wp.o(.constdata)
    x$fpl$usenofp                            0x08002536   Section        0  usenofp.o(x$fpl$usenofp)
    maptable                                 0x08002536   Data          17  __printf_flags_ss_wp.o(.constdata)
    .constdata                               0x08002548   Section        8  _printf_wctomb.o(.constdata)
    initial_mbstate                          0x08002548   Data           8  _printf_wctomb.o(.constdata)
    .constdata                               0x08002550   Section       40  _printf_hex_int_ll_ptr.o(.constdata)
    uc_hextab                                0x08002550   Data          20  _printf_hex_int_ll_ptr.o(.constdata)
    lc_hextab                                0x08002564   Data          20  _printf_hex_int_ll_ptr.o(.constdata)
    .constdata                               0x08002578   Section       38  _printf_fp_hex.o(.constdata)
    lc_hextab                                0x08002578   Data          19  _printf_fp_hex.o(.constdata)
    uc_hextab                                0x0800258b   Data          19  _printf_fp_hex.o(.constdata)
    .constdata                               0x080025a0   Section      148  bigflt0.o(.constdata)
    tenpwrs_x                                0x080025a0   Data          60  bigflt0.o(.constdata)
    tenpwrs_i                                0x080025dc   Data          64  bigflt0.o(.constdata)
    locale$$data                             0x08002654   Section       28  lc_numeric_c.o(locale$$data)
    __lcnum_c_name                           0x08002658   Data           2  lc_numeric_c.o(locale$$data)
    __lcnum_c_start                          0x08002660   Data           0  lc_numeric_c.o(locale$$data)
    __lcnum_c_point                          0x0800266c   Data           0  lc_numeric_c.o(locale$$data)
    __lcnum_c_thousands                      0x0800266e   Data           0  lc_numeric_c.o(locale$$data)
    __lcnum_c_grouping                       0x0800266f   Data           0  lc_numeric_c.o(locale$$data)
    locale$$data                             0x08002670   Section      272  lc_ctype_c.o(locale$$data)
    __lcnum_c_end                            0x08002670   Data           0  lc_numeric_c.o(locale$$data)
    __lcctype_c_name                         0x08002674   Data           2  lc_ctype_c.o(locale$$data)
    __lcctype_c_start                        0x0800267c   Data           0  lc_ctype_c.o(locale$$data)
    __lcctype_c_end                          0x08002780   Data           0  lc_ctype_c.o(locale$$data)
    .data                                    0x20020000   Section        4  delay.o(.data)
    fac_us                                   0x20020000   Data           1  delay.o(.data)
    fac_ms                                   0x20020002   Data           2  delay.o(.data)
    .data                                    0x20020004   Section        6  usart.o(.data)
    .bss                                     0x2002000c   Section      200  usart.o(.bss)
    .bss                                     0x200200d4   Section       96  libspace.o(.bss)
    HEAP                                     0x20020138   Section        0  startup_stm32f767xx.o(HEAP)
    STACK                                    0x20020138   Section     2048  startup_stm32f767xx.o(STACK)
    Heap_Mem                                 0x20020138   Data           0  startup_stm32f767xx.o(HEAP)
    Stack_Mem                                0x20020138   Data        2048  startup_stm32f767xx.o(STACK)
    __initial_sp                             0x20020938   Data           0  startup_stm32f767xx.o(STACK)

    Global Symbols

    Symbol Name                              Value     Ov Type        Size  Object(Section)

    BuildAttributes$$THM_ISAv4$E$P$D$K$B$S$7EM$VFPv5_D16$PE$PLD8$A:L22UL41UL21$X:L11$S22US41US21$IEEE1$IW$USESV6$~STKCKD$USESV7$~SHL$OTIME$ROPI$IEEEJ$EBA8$UX$STANDARDLIB$REQ8$PRES8$EABIv2 0x00000000   Number         0  anon$$obj.o ABSOLUTE
    __ARM_use_no_argv                        0x00000000   Number         0  test.o ABSOLUTE
    _printf_flags                            0x00000000   Number         0  printf_stubs.o ABSOLUTE
    _printf_return_value                     0x00000000   Number         0  printf_stubs.o ABSOLUTE
    _printf_sizespec                         0x00000000   Number         0  printf_stubs.o ABSOLUTE
    _printf_widthprec                        0x00000000   Number         0  printf_stubs.o ABSOLUTE
    __ARM_exceptions_init                     - Undefined Weak Reference
    __alloca_initialize                       - Undefined Weak Reference
    __arm_preinit_                            - Undefined Weak Reference
    __cpp_initialize__aeabi_                  - Undefined Weak Reference
    __cxa_finalize                            - Undefined Weak Reference
    __sigvec_lookup                           - Undefined Weak Reference
    _atexit_init                              - Undefined Weak Reference
    _call_atexit_fns                          - Undefined Weak Reference
    _clock_init                               - Undefined Weak Reference
    _fp_trap_init                             - Undefined Weak Reference
    _fp_trap_shutdown                         - Undefined Weak Reference
    _get_lc_collate                           - Undefined Weak Reference
    _get_lc_monetary                          - Undefined Weak Reference
    _get_lc_time                              - Undefined Weak Reference
    _getenv_init                              - Undefined Weak Reference
    _handle_redirection                       - Undefined Weak Reference
    _init_alloc                               - Undefined Weak Reference
    _init_user_alloc                          - Undefined Weak Reference
    _initio                                   - Undefined Weak Reference
    _mutex_acquire                            - Undefined Weak Reference
    _mutex_release                            - Undefined Weak Reference
    _printf_mbtowc                            - Undefined Weak Reference
    _printf_wc                                - Undefined Weak Reference
    _rand_init                                - Undefined Weak Reference
    _signal_finish                            - Undefined Weak Reference
    _signal_init                              - Undefined Weak Reference
    _terminate_alloc                          - Undefined Weak Reference
    _terminate_user_alloc                     - Undefined Weak Reference
    _terminateio                              - Undefined Weak Reference
    __Vectors_Size                           0x000001f8   Number         0  startup_stm32f767xx.o ABSOLUTE
    __Vectors                                0x08000000   Data           4  startup_stm32f767xx.o(RESET)
    __Vectors_End                            0x080001f8   Data           0  startup_stm32f767xx.o(RESET)
    __main                                   0x080001f9   Thumb Code     8  __main.o(!!!main)
    __scatterload                            0x08000201   Thumb Code     0  __scatter.o(!!!scatter)
    __scatterload_rt2                        0x08000201   Thumb Code    44  __scatter.o(!!!scatter)
    __scatterload_rt2_thumb_only             0x08000201   Thumb Code     0  __scatter.o(!!!scatter)
    __scatterload_null                       0x0800020f   Thumb Code     0  __scatter.o(!!!scatter)
    __scatterload_copy                       0x08000235   Thumb Code    26  __scatter_copy.o(!!handler_copy)
    __scatterload_zeroinit                   0x08000251   Thumb Code    28  __scatter_zi.o(!!handler_zi)
    _printf_n                                0x0800026d   Thumb Code     0  _printf_n.o(.ARM.Collect$$_printf_percent$$00000001)
    _printf_percent                          0x0800026d   Thumb Code     0  _printf_percent.o(.ARM.Collect$$_printf_percent$$00000000)
    _printf_p                                0x08000273   Thumb Code     0  _printf_p.o(.ARM.Collect$$_printf_percent$$00000002)
    _printf_f                                0x08000279   Thumb Code     0  _printf_f.o(.ARM.Collect$$_printf_percent$$00000003)
    _printf_e                                0x0800027f   Thumb Code     0  _printf_e.o(.ARM.Collect$$_printf_percent$$00000004)
    _printf_g                                0x08000285   Thumb Code     0  _printf_g.o(.ARM.Collect$$_printf_percent$$00000005)
    _printf_a                                0x0800028b   Thumb Code     0  _printf_a.o(.ARM.Collect$$_printf_percent$$00000006)
    _printf_ll                               0x08000291   Thumb Code     0  _printf_ll.o(.ARM.Collect$$_printf_percent$$00000007)
    _printf_i                                0x0800029b   Thumb Code     0  _printf_i.o(.ARM.Collect$$_printf_percent$$00000008)
    _printf_d                                0x080002a1   Thumb Code     0  _printf_d.o(.ARM.Collect$$_printf_percent$$00000009)
    _printf_u                                0x080002a7   Thumb Code     0  _printf_u.o(.ARM.Collect$$_printf_percent$$0000000A)
    _printf_o                                0x080002ad   Thumb Code     0  _printf_o.o(.ARM.Collect$$_printf_percent$$0000000B)
    _printf_x                                0x080002b3   Thumb Code     0  _printf_x.o(.ARM.Collect$$_printf_percent$$0000000C)
    _printf_lli                              0x080002b9   Thumb Code     0  _printf_lli.o(.ARM.Collect$$_printf_percent$$0000000D)
    _printf_lld                              0x080002bf   Thumb Code     0  _printf_lld.o(.ARM.Collect$$_printf_percent$$0000000E)
    _printf_llu                              0x080002c5   Thumb Code     0  _printf_llu.o(.ARM.Collect$$_printf_percent$$0000000F)
    _printf_llo                              0x080002cb   Thumb Code     0  _printf_llo.o(.ARM.Collect$$_printf_percent$$00000010)
    _printf_llx                              0x080002d1   Thumb Code     0  _printf_llx.o(.ARM.Collect$$_printf_percent$$00000011)
    _printf_l                                0x080002d7   Thumb Code     0  _printf_l.o(.ARM.Collect$$_printf_percent$$00000012)
    _printf_c                                0x080002e1   Thumb Code     0  _printf_c.o(.ARM.Collect$$_printf_percent$$00000013)
    _printf_s                                0x080002e7   Thumb Code     0  _printf_s.o(.ARM.Collect$$_printf_percent$$00000014)
    _printf_lc                               0x080002ed   Thumb Code     0  _printf_lc.o(.ARM.Collect$$_printf_percent$$00000015)
    _printf_ls                               0x080002f3   Thumb Code     0  _printf_ls.o(.ARM.Collect$$_printf_percent$$00000016)
    _printf_percent_end                      0x080002f9   Thumb Code     0  _printf_percent_end.o(.ARM.Collect$$_printf_percent$$00000017)
    __rt_lib_init                            0x080002fd   Thumb Code     0  libinit.o(.ARM.Collect$$libinit$$00000000)
    __rt_lib_init_fp_1                       0x080002ff   Thumb Code     0  libinit2.o(.ARM.Collect$$libinit$$00000001)
    __rt_lib_init_heap_1                     0x08000303   Thumb Code     0  libinit2.o(.ARM.Collect$$libinit$$0000000A)
    __rt_lib_init_lc_common                  0x08000303   Thumb Code     0  libinit2.o(.ARM.Collect$$libinit$$0000000F)
    __rt_lib_init_preinit_1                  0x08000303   Thumb Code     0  libinit2.o(.ARM.Collect$$libinit$$00000004)
    __rt_lib_init_rand_1                     0x08000303   Thumb Code     0  libinit2.o(.ARM.Collect$$libinit$$0000000E)
    __rt_lib_init_user_alloc_1               0x08000303   Thumb Code     0  libinit2.o(.ARM.Collect$$libinit$$0000000C)
    __rt_lib_init_lc_collate_1               0x08000309   Thumb Code     0  libinit2.o(.ARM.Collect$$libinit$$00000011)
    __rt_lib_init_lc_ctype_2                 0x08000309   Thumb Code     0  libinit2.o(.ARM.Collect$$libinit$$00000012)
    __rt_lib_init_lc_ctype_1                 0x08000315   Thumb Code     0  libinit2.o(.ARM.Collect$$libinit$$00000013)
    __rt_lib_init_lc_monetary_1              0x08000315   Thumb Code     0  libinit2.o(.ARM.Collect$$libinit$$00000015)
    __rt_lib_init_lc_numeric_2               0x08000315   Thumb Code     0  libinit2.o(.ARM.Collect$$libinit$$00000016)
    __rt_lib_init_alloca_1                   0x0800031f   Thumb Code     0  libinit2.o(.ARM.Collect$$libinit$$0000002E)
    __rt_lib_init_argv_1                     0x0800031f   Thumb Code     0  libinit2.o(.ARM.Collect$$libinit$$0000002C)
    __rt_lib_init_atexit_1                   0x0800031f   Thumb Code     0  libinit2.o(.ARM.Collect$$libinit$$0000001B)
    __rt_lib_init_clock_1                    0x0800031f   Thumb Code     0  libinit2.o(.ARM.Collect$$libinit$$00000021)
    __rt_lib_init_cpp_1                      0x0800031f   Thumb Code     0  libinit2.o(.ARM.Collect$$libinit$$00000032)
    __rt_lib_init_exceptions_1               0x0800031f   Thumb Code     0  libinit2.o(.ARM.Collect$$libinit$$00000030)
    __rt_lib_init_fp_trap_1                  0x0800031f   Thumb Code     0  libinit2.o(.ARM.Collect$$libinit$$0000001F)
    __rt_lib_init_getenv_1                   0x0800031f   Thumb Code     0  libinit2.o(.ARM.Collect$$libinit$$00000023)
    __rt_lib_init_lc_numeric_1               0x0800031f   Thumb Code     0  libinit2.o(.ARM.Collect$$libinit$$00000017)
    __rt_lib_init_lc_time_1                  0x0800031f   Thumb Code     0  libinit2.o(.ARM.Collect$$libinit$$00000019)
    __rt_lib_init_return                     0x0800031f   Thumb Code     0  libinit2.o(.ARM.Collect$$libinit$$00000033)
    __rt_lib_init_signal_1                   0x0800031f   Thumb Code     0  libinit2.o(.ARM.Collect$$libinit$$0000001D)
    __rt_lib_init_stdio_1                    0x0800031f   Thumb Code     0  libinit2.o(.ARM.Collect$$libinit$$00000025)
    __rt_lib_shutdown                        0x08000321   Thumb Code     0  libshutdown.o(.ARM.Collect$$libshutdown$$00000000)
    __rt_lib_shutdown_cpp_1                  0x08000323   Thumb Code     0  libshutdown2.o(.ARM.Collect$$libshutdown$$00000002)
    __rt_lib_shutdown_fp_trap_1              0x08000323   Thumb Code     0  libshutdown2.o(.ARM.Collect$$libshutdown$$00000007)
    __rt_lib_shutdown_heap_1                 0x08000323   Thumb Code     0  libshutdown2.o(.ARM.Collect$$libshutdown$$0000000F)
    __rt_lib_shutdown_return                 0x08000323   Thumb Code     0  libshutdown2.o(.ARM.Collect$$libshutdown$$00000010)
    __rt_lib_shutdown_signal_1               0x08000323   Thumb Code     0  libshutdown2.o(.ARM.Collect$$libshutdown$$0000000A)
    __rt_lib_shutdown_stdio_1                0x08000323   Thumb Code     0  libshutdown2.o(.ARM.Collect$$libshutdown$$00000004)
    __rt_lib_shutdown_user_alloc_1           0x08000323   Thumb Code     0  libshutdown2.o(.ARM.Collect$$libshutdown$$0000000C)
    __rt_entry                               0x08000325   Thumb Code     0  __rtentry.o(.ARM.Collect$$rtentry$$00000000)
    __rt_entry_presh_1                       0x08000325   Thumb Code     0  __rtentry2.o(.ARM.Collect$$rtentry$$00000002)
    __rt_entry_sh                            0x08000325   Thumb Code     0  __rtentry4.o(.ARM.Collect$$rtentry$$00000004)
    __rt_entry_li                            0x0800032b   Thumb Code     0  __rtentry2.o(.ARM.Collect$$rtentry$$0000000A)
    __rt_entry_postsh_1                      0x0800032b   Thumb Code     0  __rtentry2.o(.ARM.Collect$$rtentry$$00000009)
    __rt_entry_main                          0x0800032f   Thumb Code     0  __rtentry2.o(.ARM.Collect$$rtentry$$0000000D)
    __rt_entry_postli_1                      0x0800032f   Thumb Code     0  __rtentry2.o(.ARM.Collect$$rtentry$$0000000C)
    __rt_exit                                0x08000337   Thumb Code     0  rtexit.o(.ARM.Collect$$rtexit$$00000000)
    __rt_exit_ls                             0x08000339   Thumb Code     0  rtexit2.o(.ARM.Collect$$rtexit$$00000003)
    __rt_exit_prels_1                        0x08000339   Thumb Code     0  rtexit2.o(.ARM.Collect$$rtexit$$00000002)
    __rt_exit_exit                           0x0800033d   Thumb Code     0  rtexit2.o(.ARM.Collect$$rtexit$$00000004)
    Reset_Handler                            0x08000345   Thumb Code    36  startup_stm32f767xx.o(.text)
    NMI_Handler                              0x08000369   Thumb Code     2  startup_stm32f767xx.o(.text)
    HardFault_Handler                        0x0800036b   Thumb Code     2  startup_stm32f767xx.o(.text)
    MemManage_Handler                        0x0800036d   Thumb Code     2  startup_stm32f767xx.o(.text)
    BusFault_Handler                         0x0800036f   Thumb Code     2  startup_stm32f767xx.o(.text)
    UsageFault_Handler                       0x08000371   Thumb Code     2  startup_stm32f767xx.o(.text)
    SVC_Handler                              0x08000373   Thumb Code     2  startup_stm32f767xx.o(.text)
    DebugMon_Handler                         0x08000375   Thumb Code     2  startup_stm32f767xx.o(.text)
    PendSV_Handler                           0x08000377   Thumb Code     2  startup_stm32f767xx.o(.text)
    SysTick_Handler                          0x08000379   Thumb Code     2  startup_stm32f767xx.o(.text)
    ADC_IRQHandler                           0x0800037b   Thumb Code     0  startup_stm32f767xx.o(.text)
    CAN1_RX0_IRQHandler                      0x0800037b   Thumb Code     0  startup_stm32f767xx.o(.text)
    CAN1_RX1_IRQHandler                      0x0800037b   Thumb Code     0  startup_stm32f767xx.o(.text)
    CAN1_SCE_IRQHandler                      0x0800037b   Thumb Code     0  startup_stm32f767xx.o(.text)
    CAN1_TX_IRQHandler                       0x0800037b   Thumb Code     0  startup_stm32f767xx.o(.text)
    CAN2_RX0_IRQHandler                      0x0800037b   Thumb Code     0  startup_stm32f767xx.o(.text)
    CAN2_RX1_IRQHandler                      0x0800037b   Thumb Code     0  startup_stm32f767xx.o(.text)
    CAN2_SCE_IRQHandler                      0x0800037b   Thumb Code     0  startup_stm32f767xx.o(.text)
    CAN2_TX_IRQHandler                       0x0800037b   Thumb Code     0  startup_stm32f767xx.o(.text)
    CAN3_RX0_IRQHandler                      0x0800037b   Thumb Code     0  startup_stm32f767xx.o(.text)
    CAN3_RX1_IRQHandler                      0x0800037b   Thumb Code     0  startup_stm32f767xx.o(.text)
    CAN3_SCE_IRQHandler                      0x0800037b   Thumb Code     0  startup_stm32f767xx.o(.text)
    CAN3_TX_IRQHandler                       0x0800037b   Thumb Code     0  startup_stm32f767xx.o(.text)
    CEC_IRQHandler                           0x0800037b   Thumb Code     0  startup_stm32f767xx.o(.text)
    DCMI_IRQHandler                          0x0800037b   Thumb Code     0  startup_stm32f767xx.o(.text)
    DFSDM1_FLT0_IRQHandler                   0x0800037b   Thumb Code     0  startup_stm32f767xx.o(.text)
    DFSDM1_FLT1_IRQHandler                   0x0800037b   Thumb Code     0  startup_stm32f767xx.o(.text)
    DFSDM1_FLT2_IRQHandler                   0x0800037b   Thumb Code     0  startup_stm32f767xx.o(.text)
    DFSDM1_FLT3_IRQHandler                   0x0800037b   Thumb Code     0  startup_stm32f767xx.o(.text)
    DMA1_Stream0_IRQHandler                  0x0800037b   Thumb Code     0  startup_stm32f767xx.o(.text)
    DMA1_Stream1_IRQHandler                  0x0800037b   Thumb Code     0  startup_stm32f767xx.o(.text)
    DMA1_Stream2_IRQHandler                  0x0800037b   Thumb Code     0  startup_stm32f767xx.o(.text)
    DMA1_Stream3_IRQHandler                  0x0800037b   Thumb Code     0  startup_stm32f767xx.o(.text)
    DMA1_Stream4_IRQHandler                  0x0800037b   Thumb Code     0  startup_stm32f767xx.o(.text)
    DMA1_Stream5_IRQHandler                  0x0800037b   Thumb Code     0  startup_stm32f767xx.o(.text)
    DMA1_Stream6_IRQHandler                  0x0800037b   Thumb Code     0  startup_stm32f767xx.o(.text)
    DMA1_Stream7_IRQHandler                  0x0800037b   Thumb Code     0  startup_stm32f767xx.o(.text)
    DMA2D_IRQHandler                         0x0800037b   Thumb Code     0  startup_stm32f767xx.o(.text)
    DMA2_Stream0_IRQHandler                  0x0800037b   Thumb Code     0  startup_stm32f767xx.o(.text)
    DMA2_Stream1_IRQHandler                  0x0800037b   Thumb Code     0  startup_stm32f767xx.o(.text)
    DMA2_Stream2_IRQHandler                  0x0800037b   Thumb Code     0  startup_stm32f767xx.o(.text)
    DMA2_Stream3_IRQHandler                  0x0800037b   Thumb Code     0  startup_stm32f767xx.o(.text)
    DMA2_Stream4_IRQHandler                  0x0800037b   Thumb Code     0  startup_stm32f767xx.o(.text)
    DMA2_Stream5_IRQHandler                  0x0800037b   Thumb Code     0  startup_stm32f767xx.o(.text)
    DMA2_Stream6_IRQHandler                  0x0800037b   Thumb Code     0  startup_stm32f767xx.o(.text)
    DMA2_Stream7_IRQHandler                  0x0800037b   Thumb Code     0  startup_stm32f767xx.o(.text)
    ETH_IRQHandler                           0x0800037b   Thumb Code     0  startup_stm32f767xx.o(.text)
    ETH_WKUP_IRQHandler                      0x0800037b   Thumb Code     0  startup_stm32f767xx.o(.text)
    EXTI0_IRQHandler                         0x0800037b   Thumb Code     0  startup_stm32f767xx.o(.text)
    EXTI15_10_IRQHandler                     0x0800037b   Thumb Code     0  startup_stm32f767xx.o(.text)
    EXTI1_IRQHandler                         0x0800037b   Thumb Code     0  startup_stm32f767xx.o(.text)
    EXTI2_IRQHandler                         0x0800037b   Thumb Code     0  startup_stm32f767xx.o(.text)
    EXTI3_IRQHandler                         0x0800037b   Thumb Code     0  startup_stm32f767xx.o(.text)
    EXTI4_IRQHandler                         0x0800037b   Thumb Code     0  startup_stm32f767xx.o(.text)
    EXTI9_5_IRQHandler                       0x0800037b   Thumb Code     0  startup_stm32f767xx.o(.text)
    FLASH_IRQHandler                         0x0800037b   Thumb Code     0  startup_stm32f767xx.o(.text)
    FMC_IRQHandler                           0x0800037b   Thumb Code     0  startup_stm32f767xx.o(.text)
    FPU_IRQHandler                           0x0800037b   Thumb Code     0  startup_stm32f767xx.o(.text)
    I2C1_ER_IRQHandler                       0x0800037b   Thumb Code     0  startup_stm32f767xx.o(.text)
    I2C1_EV_IRQHandler                       0x0800037b   Thumb Code     0  startup_stm32f767xx.o(.text)
    I2C2_ER_IRQHandler                       0x0800037b   Thumb Code     0  startup_stm32f767xx.o(.text)
    I2C2_EV_IRQHandler                       0x0800037b   Thumb Code     0  startup_stm32f767xx.o(.text)
    I2C3_ER_IRQHandler                       0x0800037b   Thumb Code     0  startup_stm32f767xx.o(.text)
    I2C3_EV_IRQHandler                       0x0800037b   Thumb Code     0  startup_stm32f767xx.o(.text)
    I2C4_ER_IRQHandler                       0x0800037b   Thumb Code     0  startup_stm32f767xx.o(.text)
    I2C4_EV_IRQHandler                       0x0800037b   Thumb Code     0  startup_stm32f767xx.o(.text)
    JPEG_IRQHandler                          0x0800037b   Thumb Code     0  startup_stm32f767xx.o(.text)
    LPTIM1_IRQHandler                        0x0800037b   Thumb Code     0  startup_stm32f767xx.o(.text)
    LTDC_ER_IRQHandler                       0x0800037b   Thumb Code     0  startup_stm32f767xx.o(.text)
    LTDC_IRQHandler                          0x0800037b   Thumb Code     0  startup_stm32f767xx.o(.text)
    MDIOS_IRQHandler                         0x0800037b   Thumb Code     0  startup_stm32f767xx.o(.text)
    OTG_FS_IRQHandler                        0x0800037b   Thumb Code     0  startup_stm32f767xx.o(.text)
    OTG_FS_WKUP_IRQHandler                   0x0800037b   Thumb Code     0  startup_stm32f767xx.o(.text)
    OTG_HS_EP1_IN_IRQHandler                 0x0800037b   Thumb Code     0  startup_stm32f767xx.o(.text)
    OTG_HS_EP1_OUT_IRQHandler                0x0800037b   Thumb Code     0  startup_stm32f767xx.o(.text)
    OTG_HS_IRQHandler                        0x0800037b   Thumb Code     0  startup_stm32f767xx.o(.text)
    OTG_HS_WKUP_IRQHandler                   0x0800037b   Thumb Code     0  startup_stm32f767xx.o(.text)
    PVD_IRQHandler                           0x0800037b   Thumb Code     0  startup_stm32f767xx.o(.text)
    QUADSPI_IRQHandler                       0x0800037b   Thumb Code     0  startup_stm32f767xx.o(.text)
    RCC_IRQHandler                           0x0800037b   Thumb Code     0  startup_stm32f767xx.o(.text)
    RNG_IRQHandler                           0x0800037b   Thumb Code     0  startup_stm32f767xx.o(.text)
    RTC_Alarm_IRQHandler                     0x0800037b   Thumb Code     0  startup_stm32f767xx.o(.text)
    RTC_WKUP_IRQHandler                      0x0800037b   Thumb Code     0  startup_stm32f767xx.o(.text)
    SAI1_IRQHandler                          0x0800037b   Thumb Code     0  startup_stm32f767xx.o(.text)
    SAI2_IRQHandler                          0x0800037b   Thumb Code     0  startup_stm32f767xx.o(.text)
    SDMMC1_IRQHandler                        0x0800037b   Thumb Code     0  startup_stm32f767xx.o(.text)
    SDMMC2_IRQHandler                        0x0800037b   Thumb Code     0  startup_stm32f767xx.o(.text)
    SPDIF_RX_IRQHandler                      0x0800037b   Thumb Code     0  startup_stm32f767xx.o(.text)
    SPI1_IRQHandler                          0x0800037b   Thumb Code     0  startup_stm32f767xx.o(.text)
    SPI2_IRQHandler                          0x0800037b   Thumb Code     0  startup_stm32f767xx.o(.text)
    SPI3_IRQHandler                          0x0800037b   Thumb Code     0  startup_stm32f767xx.o(.text)
    SPI4_IRQHandler                          0x0800037b   Thumb Code     0  startup_stm32f767xx.o(.text)
    SPI5_IRQHandler                          0x0800037b   Thumb Code     0  startup_stm32f767xx.o(.text)
    SPI6_IRQHandler                          0x0800037b   Thumb Code     0  startup_stm32f767xx.o(.text)
    TAMP_STAMP_IRQHandler                    0x0800037b   Thumb Code     0  startup_stm32f767xx.o(.text)
    TIM1_BRK_TIM9_IRQHandler                 0x0800037b   Thumb Code     0  startup_stm32f767xx.o(.text)
    TIM1_CC_IRQHandler                       0x0800037b   Thumb Code     0  startup_stm32f767xx.o(.text)
    TIM1_TRG_COM_TIM11_IRQHandler            0x0800037b   Thumb Code     0  startup_stm32f767xx.o(.text)
    TIM1_UP_TIM10_IRQHandler                 0x0800037b   Thumb Code     0  startup_stm32f767xx.o(.text)
    TIM2_IRQHandler                          0x0800037b   Thumb Code     0  startup_stm32f767xx.o(.text)
    TIM3_IRQHandler                          0x0800037b   Thumb Code     0  startup_stm32f767xx.o(.text)
    TIM4_IRQHandler                          0x0800037b   Thumb Code     0  startup_stm32f767xx.o(.text)
    TIM5_IRQHandler                          0x0800037b   Thumb Code     0  startup_stm32f767xx.o(.text)
    TIM6_DAC_IRQHandler                      0x0800037b   Thumb Code     0  startup_stm32f767xx.o(.text)
    TIM7_IRQHandler                          0x0800037b   Thumb Code     0  startup_stm32f767xx.o(.text)
    TIM8_BRK_TIM12_IRQHandler                0x0800037b   Thumb Code     0  startup_stm32f767xx.o(.text)
    TIM8_CC_IRQHandler                       0x0800037b   Thumb Code     0  startup_stm32f767xx.o(.text)
    TIM8_TRG_COM_TIM14_IRQHandler            0x0800037b   Thumb Code     0  startup_stm32f767xx.o(.text)
    TIM8_UP_TIM13_IRQHandler                 0x0800037b   Thumb Code     0  startup_stm32f767xx.o(.text)
    UART4_IRQHandler                         0x0800037b   Thumb Code     0  startup_stm32f767xx.o(.text)
    UART5_IRQHandler                         0x0800037b   Thumb Code     0  startup_stm32f767xx.o(.text)
    UART7_IRQHandler                         0x0800037b   Thumb Code     0  startup_stm32f767xx.o(.text)
    UART8_IRQHandler                         0x0800037b   Thumb Code     0  startup_stm32f767xx.o(.text)
    USART2_IRQHandler                        0x0800037b   Thumb Code     0  startup_stm32f767xx.o(.text)
    USART3_IRQHandler                        0x0800037b   Thumb Code     0  startup_stm32f767xx.o(.text)
    USART6_IRQHandler                        0x0800037b   Thumb Code     0  startup_stm32f767xx.o(.text)
    WWDG_IRQHandler                          0x0800037b   Thumb Code     0  startup_stm32f767xx.o(.text)
    __user_initial_stackheap                 0x0800037d   Thumb Code     0  startup_stm32f767xx.o(.text)
    __use_no_semihosting                     0x080003a1   Thumb Code     2  use_no_semi_2.o(.text)
    vprintf                                  0x080003a5   Thumb Code     8  vprintf.o(.text)
    __2printf                                0x080003b1   Thumb Code    20  __2printf.o(.text)
    _printf_str                              0x080003c9   Thumb Code    82  _printf_str.o(.text)
    __printf                                 0x0800041d   Thumb Code   388  __printf_flags_ss_wp.o(.text)
    __use_two_region_memory                  0x080005a5   Thumb Code     2  heapauxi.o(.text)
    __rt_heap_escrow$2region                 0x080005a7   Thumb Code     2  heapauxi.o(.text)
    __rt_heap_expand$2region                 0x080005a9   Thumb Code     2  heapauxi.o(.text)
    __I$use$semihosting                      0x080005ab   Thumb Code     0  use_no_semi.o(.text)
    __use_no_semihosting_swi                 0x080005ab   Thumb Code     2  use_no_semi.o(.text)
    _printf_pre_padding                      0x080005ad   Thumb Code    44  _printf_pad.o(.text)
    _printf_post_padding                     0x080005d9   Thumb Code    34  _printf_pad.o(.text)
    _printf_truncate_signed                  0x080005fb   Thumb Code    18  _printf_truncate.o(.text)
    _printf_truncate_unsigned                0x0800060d   Thumb Code    18  _printf_truncate.o(.text)
    _printf_int_dec                          0x08000621   Thumb Code   104  _printf_dec.o(.text)
    _printf_charcount                        0x08000699   Thumb Code    40  _printf_charcount.o(.text)
    _printf_cs_common                        0x080006c1   Thumb Code    20  _printf_char.o(.text)
    _printf_char                             0x080006d5   Thumb Code    16  _printf_char.o(.text)
    _printf_string                           0x080006e5   Thumb Code     8  _printf_char.o(.text)
    _printf_char_file                        0x080006ed   Thumb Code    32  _printf_char_file.o(.text)
    _printf_wctomb                           0x08000711   Thumb Code   182  _printf_wctomb.o(.text)
    _printf_longlong_dec                     0x080007cd   Thumb Code   108  _printf_longlong_dec.o(.text)
    _printf_longlong_oct                     0x08000849   Thumb Code    68  _printf_oct_int_ll.o(.text)
    _printf_int_oct                          0x0800088d   Thumb Code    24  _printf_oct_int_ll.o(.text)
    _printf_ll_oct                           0x080008a5   Thumb Code    12  _printf_oct_int_ll.o(.text)
    _printf_longlong_hex                     0x080008b9   Thumb Code    86  _printf_hex_int_ll_ptr.o(.text)
    _printf_int_hex                          0x0800090f   Thumb Code    28  _printf_hex_int_ll_ptr.o(.text)
    _printf_ll_hex                           0x0800092b   Thumb Code    12  _printf_hex_int_ll_ptr.o(.text)
    _printf_hex_ptr                          0x08000937   Thumb Code    18  _printf_hex_int_ll_ptr.o(.text)
    _ll_udiv10                               0x0800094d   Thumb Code   138  lludiv10.o(.text)
    _printf_int_common                       0x080009d7   Thumb Code   178  _printf_intcommon.o(.text)
    __lib_sel_fp_printf                      0x08000a89   Thumb Code     2  _printf_fp_dec.o(.text)
    _printf_fp_dec_real                      0x08000c37   Thumb Code   620  _printf_fp_dec.o(.text)
    _printf_fp_hex_real                      0x08000ea5   Thumb Code   756  _printf_fp_hex.o(.text)
    _printf_char_common                      0x080011ab   Thumb Code    32  _printf_char_common.o(.text)
    _printf_lcs_common                       0x080011d1   Thumb Code    20  _printf_wchar.o(.text)
    _printf_wchar                            0x080011e5   Thumb Code    16  _printf_wchar.o(.text)
    _printf_wstring                          0x080011f5   Thumb Code     8  _printf_wchar.o(.text)
    ferror                                   0x080011fd   Thumb Code     8  ferror.o(.text)
    _wcrtomb                                 0x08001205   Thumb Code    64  _wcrtomb.o(.text)
    __user_setup_stackheap                   0x08001245   Thumb Code    74  sys_stackheap_outer.o(.text)
    __rt_ctype_table                         0x08001291   Thumb Code    16  rt_ctype_table.o(.text)
    __rt_locale                              0x080012a1   Thumb Code     8  rt_locale_intlibspace.o(.text)
    _printf_fp_infnan                        0x080012a9   Thumb Code   112  _printf_fp_infnan.o(.text)
    _btod_etento                             0x08001329   Thumb Code   216  bigflt0.o(.text)
    exit                                     0x08001405   Thumb Code    18  exit.o(.text)
    __user_libspace                          0x08001419   Thumb Code     8  libspace.o(.text)
    __user_perproc_libspace                  0x08001419   Thumb Code     0  libspace.o(.text)
    __user_perthread_libspace                0x08001419   Thumb Code     0  libspace.o(.text)
    strcmp                                   0x08001421   Thumb Code   104  strcmpv7m_pel.o(.text)
    _btod_d2e                                0x08001489   Thumb Code    62  btod.o(CL$$btod_d2e)
    _d2e_denorm_low                          0x080014c7   Thumb Code    70  btod.o(CL$$btod_d2e_denorm_low)
    _d2e_norm_op1                            0x0800150d   Thumb Code    96  btod.o(CL$$btod_d2e_norm_op1)
    __btod_div_common                        0x0800156d   Thumb Code   696  btod.o(CL$$btod_div_common)
    _e2e                                     0x080018a5   Thumb Code   198  btod.o(CL$$btod_e2e)
    _btod_ediv                               0x0800196b   Thumb Code    40  btod.o(CL$$btod_ediv)
    _btod_emul                               0x08001993   Thumb Code    40  btod.o(CL$$btod_emul)
    __btod_mult_common                       0x080019bb   Thumb Code   580  btod.o(CL$$btod_mult_common)
    Cache_Enable                             0x08001c01   Thumb Code   112  sys.o(i.Cache_Enable)
    GPIO_AF_Set                              0x08001c79   Thumb Code    64  sys.o(i.GPIO_AF_Set)
    GPIO_Pin_Set                             0x08001cb9   Thumb Code    16  sys.o(i.GPIO_Pin_Set)
    GPIO_Set                                 0x08001cc9   Thumb Code   222  sys.o(i.GPIO_Set)
    LED_Init                                 0x08001da9   Thumb Code    54  led.o(i.LED_Init)
    MY_NVIC_Init                             0x08001de9   Thumb Code   116  sys.o(i.MY_NVIC_Init)
    MY_NVIC_PriorityGroupConfig              0x08001e61   Thumb Code    32  sys.o(i.MY_NVIC_PriorityGroupConfig)
    MY_NVIC_SetVectorTable                   0x08001e89   Thumb Code    12  sys.o(i.MY_NVIC_SetVectorTable)
    Stm32_Clock_Init                         0x08001f35   Thumb Code   100  sys.o(i.Stm32_Clock_Init)
    Sys_Clock_Set                            0x08001fa5   Thumb Code   264  sys.o(i.Sys_Clock_Set)
    USART1_IRQHandler                        0x080020b9   Thumb Code   116  usart.o(i.USART1_IRQHandler)
    __ARM_fpclassify                         0x08002139   Thumb Code    48  fpclassify.o(i.__ARM_fpclassify)
    _is_digit                                0x08002169   Thumb Code    14  __printf_wp.o(i._is_digit)
    _sys_exit                                0x08002177   Thumb Code     4  usart.o(i._sys_exit)
    app_log                                  0x0800217d   Thumb Code    54  log.o(i.app_log)
    delay_init                               0x080021d5   Thumb Code    46  delay.o(i.delay_init)
    delay_ms                                 0x0800220d   Thumb Code    56  delay.o(i.delay_ms)
    delay_xms                                0x08002245   Thumb Code    56  delay.o(i.delay_xms)
    fputc                                    0x08002281   Thumb Code    22  usart.o(i.fputc)
    main                                     0x0800229d   Thumb Code   204  test.o(i.main)
    uart_init                                0x08002411   Thumb Code   172  usart.o(i.uart_init)
    _get_lc_numeric                          0x080024cd   Thumb Code    44  lc_numeric_c.o(locale$$code)
    _get_lc_ctype                            0x080024f9   Thumb Code    44  lc_ctype_c.o(locale$$code)
    _fp_init                                 0x08002525   Thumb Code    10  fpinit.o(x$fpl$fpinit)
    __fplib_config_fpu_vfp                   0x0800252d   Thumb Code     0  fpinit.o(x$fpl$fpinit)
    __fplib_config_pureend_doubles           0x0800252d   Thumb Code     0  fpinit.o(x$fpl$fpinit)
    _printf_fp_dec                           0x0800252f   Thumb Code     4  printf1.o(x$fpl$printf1)
    _printf_fp_hex                           0x08002533   Thumb Code     4  printf2.o(x$fpl$printf2)
    __I$use$fp                               0x08002536   Number         0  usenofp.o(x$fpl$usenofp)
    Region$$Table$$Base                      0x08002634   Number         0  anon$$obj.o(Region$$Table)
    Region$$Table$$Limit                     0x08002654   Number         0  anon$$obj.o(Region$$Table)
    __ctype                                  0x0800267d   Data           0  lc_ctype_c.o(locale$$data)
    __stdout                                 0x20020004   Data           4  usart.o(.data)
    USART_RX_STA                             0x20020008   Data           2  usart.o(.data)
    USART_RX_BUF                             0x2002000c   Data         200  usart.o(.bss)
    __libspace_start                         0x200200d4   Data          96  libspace.o(.bss)
    __temporary_stack_top$libspace           0x20020134   Data           0  libspace.o(.bss)



==============================================================================

Memory Map of the image

  Image Entry point : 0x080001f9

  Load Region LR_IROM1 (Base: 0x08000000, Size: 0x0000278c, Max: 0x00100000, ABSOLUTE)

    Execution Region ER_IROM1 (Base: 0x08000000, Size: 0x00002780, Max: 0x00100000, ABSOLUTE)

    Base Addr    Size         Type   Attr      Idx    E Section Name        Object

    0x08000000   0x000001f8   Data   RO            3    RESET               startup_stm32f767xx.o
    0x080001f8   0x00000008   Code   RO          407  * !!!main             c_w.l(__main.o)
    0x08000200   0x00000034   Code   RO          702    !!!scatter          c_w.l(__scatter.o)
    0x08000234   0x0000001a   Code   RO          704    !!handler_copy      c_w.l(__scatter_copy.o)
    0x0800024e   0x00000002   PAD
    0x08000250   0x0000001c   Code   RO          706    !!handler_zi        c_w.l(__scatter_zi.o)
    0x0800026c   0x00000000   Code   RO          404    .ARM.Collect$$_printf_percent$$00000000  c_w.l(_printf_percent.o)
    0x0800026c   0x00000006   Code   RO          457    .ARM.Collect$$_printf_percent$$00000001  c_w.l(_printf_n.o)
    0x08000272   0x00000006   Code   RO          459    .ARM.Collect$$_printf_percent$$00000002  c_w.l(_printf_p.o)
    0x08000278   0x00000006   Code   RO          464    .ARM.Collect$$_printf_percent$$00000003  c_w.l(_printf_f.o)
    0x0800027e   0x00000006   Code   RO          465    .ARM.Collect$$_printf_percent$$00000004  c_w.l(_printf_e.o)
    0x08000284   0x00000006   Code   RO          466    .ARM.Collect$$_printf_percent$$00000005  c_w.l(_printf_g.o)
    0x0800028a   0x00000006   Code   RO          467    .ARM.Collect$$_printf_percent$$00000006  c_w.l(_printf_a.o)
    0x08000290   0x0000000a   Code   RO          472    .ARM.Collect$$_printf_percent$$00000007  c_w.l(_printf_ll.o)
    0x0800029a   0x00000006   Code   RO          461    .ARM.Collect$$_printf_percent$$00000008  c_w.l(_printf_i.o)
    0x080002a0   0x00000006   Code   RO          462    .ARM.Collect$$_printf_percent$$00000009  c_w.l(_printf_d.o)
    0x080002a6   0x00000006   Code   RO          463    .ARM.Collect$$_printf_percent$$0000000A  c_w.l(_printf_u.o)
    0x080002ac   0x00000006   Code   RO          460    .ARM.Collect$$_printf_percent$$0000000B  c_w.l(_printf_o.o)
    0x080002b2   0x00000006   Code   RO          458    .ARM.Collect$$_printf_percent$$0000000C  c_w.l(_printf_x.o)
    0x080002b8   0x00000006   Code   RO          469    .ARM.Collect$$_printf_percent$$0000000D  c_w.l(_printf_lli.o)
    0x080002be   0x00000006   Code   RO          470    .ARM.Collect$$_printf_percent$$0000000E  c_w.l(_printf_lld.o)
    0x080002c4   0x00000006   Code   RO          471    .ARM.Collect$$_printf_percent$$0000000F  c_w.l(_printf_llu.o)
    0x080002ca   0x00000006   Code   RO          476    .ARM.Collect$$_printf_percent$$00000010  c_w.l(_printf_llo.o)
    0x080002d0   0x00000006   Code   RO          477    .ARM.Collect$$_printf_percent$$00000011  c_w.l(_printf_llx.o)
    0x080002d6   0x0000000a   Code   RO          473    .ARM.Collect$$_printf_percent$$00000012  c_w.l(_printf_l.o)
    0x080002e0   0x00000006   Code   RO          456    .ARM.Collect$$_printf_percent$$00000013  c_w.l(_printf_c.o)
    0x080002e6   0x00000006   Code   RO          403    .ARM.Collect$$_printf_percent$$00000014  c_w.l(_printf_s.o)
    0x080002ec   0x00000006   Code   RO          474    .ARM.Collect$$_printf_percent$$00000015  c_w.l(_printf_lc.o)
    0x080002f2   0x00000006   Code   RO          475    .ARM.Collect$$_printf_percent$$00000016  c_w.l(_printf_ls.o)
    0x080002f8   0x00000004   Code   RO          468    .ARM.Collect$$_printf_percent$$00000017  c_w.l(_printf_percent_end.o)
    0x080002fc   0x00000002   Code   RO          568    .ARM.Collect$$libinit$$00000000  c_w.l(libinit.o)
    0x080002fe   0x00000004   Code   RO          584    .ARM.Collect$$libinit$$00000001  c_w.l(libinit2.o)
    0x08000302   0x00000000   Code   RO          587    .ARM.Collect$$libinit$$00000004  c_w.l(libinit2.o)
    0x08000302   0x00000000   Code   RO          590    .ARM.Collect$$libinit$$0000000A  c_w.l(libinit2.o)
    0x08000302   0x00000000   Code   RO          592    .ARM.Collect$$libinit$$0000000C  c_w.l(libinit2.o)
    0x08000302   0x00000000   Code   RO          594    .ARM.Collect$$libinit$$0000000E  c_w.l(libinit2.o)
    0x08000302   0x00000006   Code   RO          595    .ARM.Collect$$libinit$$0000000F  c_w.l(libinit2.o)
    0x08000308   0x00000000   Code   RO          597    .ARM.Collect$$libinit$$00000011  c_w.l(libinit2.o)
    0x08000308   0x0000000c   Code   RO          598    .ARM.Collect$$libinit$$00000012  c_w.l(libinit2.o)
    0x08000314   0x00000000   Code   RO          599    .ARM.Collect$$libinit$$00000013  c_w.l(libinit2.o)
    0x08000314   0x00000000   Code   RO          601    .ARM.Collect$$libinit$$00000015  c_w.l(libinit2.o)
    0x08000314   0x0000000a   Code   RO          602    .ARM.Collect$$libinit$$00000016  c_w.l(libinit2.o)
    0x0800031e   0x00000000   Code   RO          603    .ARM.Collect$$libinit$$00000017  c_w.l(libinit2.o)
    0x0800031e   0x00000000   Code   RO          605    .ARM.Collect$$libinit$$00000019  c_w.l(libinit2.o)
    0x0800031e   0x00000000   Code   RO          607    .ARM.Collect$$libinit$$0000001B  c_w.l(libinit2.o)
    0x0800031e   0x00000000   Code   RO          609    .ARM.Collect$$libinit$$0000001D  c_w.l(libinit2.o)
    0x0800031e   0x00000000   Code   RO          611    .ARM.Collect$$libinit$$0000001F  c_w.l(libinit2.o)
    0x0800031e   0x00000000   Code   RO          613    .ARM.Collect$$libinit$$00000021  c_w.l(libinit2.o)
    0x0800031e   0x00000000   Code   RO          615    .ARM.Collect$$libinit$$00000023  c_w.l(libinit2.o)
    0x0800031e   0x00000000   Code   RO          617    .ARM.Collect$$libinit$$00000025  c_w.l(libinit2.o)
    0x0800031e   0x00000000   Code   RO          621    .ARM.Collect$$libinit$$0000002C  c_w.l(libinit2.o)
    0x0800031e   0x00000000   Code   RO          623    .ARM.Collect$$libinit$$0000002E  c_w.l(libinit2.o)
    0x0800031e   0x00000000   Code   RO          625    .ARM.Collect$$libinit$$00000030  c_w.l(libinit2.o)
    0x0800031e   0x00000000   Code   RO          627    .ARM.Collect$$libinit$$00000032  c_w.l(libinit2.o)
    0x0800031e   0x00000002   Code   RO          628    .ARM.Collect$$libinit$$00000033  c_w.l(libinit2.o)
    0x08000320   0x00000002   Code   RO          646    .ARM.Collect$$libshutdown$$00000000  c_w.l(libshutdown.o)
    0x08000322   0x00000000   Code   RO          656    .ARM.Collect$$libshutdown$$00000002  c_w.l(libshutdown2.o)
    0x08000322   0x00000000   Code   RO          658    .ARM.Collect$$libshutdown$$00000004  c_w.l(libshutdown2.o)
    0x08000322   0x00000000   Code   RO          661    .ARM.Collect$$libshutdown$$00000007  c_w.l(libshutdown2.o)
    0x08000322   0x00000000   Code   RO          664    .ARM.Collect$$libshutdown$$0000000A  c_w.l(libshutdown2.o)
    0x08000322   0x00000000   Code   RO          666    .ARM.Collect$$libshutdown$$0000000C  c_w.l(libshutdown2.o)
    0x08000322   0x00000000   Code   RO          669    .ARM.Collect$$libshutdown$$0000000F  c_w.l(libshutdown2.o)
    0x08000322   0x00000002   Code   RO          670    .ARM.Collect$$libshutdown$$00000010  c_w.l(libshutdown2.o)
    0x08000324   0x00000000   Code   RO          411    .ARM.Collect$$rtentry$$00000000  c_w.l(__rtentry.o)
    0x08000324   0x00000000   Code   RO          487    .ARM.Collect$$rtentry$$00000002  c_w.l(__rtentry2.o)
    0x08000324   0x00000006   Code   RO          499    .ARM.Collect$$rtentry$$00000004  c_w.l(__rtentry4.o)
    0x0800032a   0x00000000   Code   RO          489    .ARM.Collect$$rtentry$$00000009  c_w.l(__rtentry2.o)
    0x0800032a   0x00000004   Code   RO          490    .ARM.Collect$$rtentry$$0000000A  c_w.l(__rtentry2.o)
    0x0800032e   0x00000000   Code   RO          492    .ARM.Collect$$rtentry$$0000000C  c_w.l(__rtentry2.o)
    0x0800032e   0x00000008   Code   RO          493    .ARM.Collect$$rtentry$$0000000D  c_w.l(__rtentry2.o)
    0x08000336   0x00000002   Code   RO          577    .ARM.Collect$$rtexit$$00000000  c_w.l(rtexit.o)
    0x08000338   0x00000000   Code   RO          630    .ARM.Collect$$rtexit$$00000002  c_w.l(rtexit2.o)
    0x08000338   0x00000004   Code   RO          631    .ARM.Collect$$rtexit$$00000003  c_w.l(rtexit2.o)
    0x0800033c   0x00000006   Code   RO          632    .ARM.Collect$$rtexit$$00000004  c_w.l(rtexit2.o)
    0x08000342   0x00000002   PAD
    0x08000344   0x0000005c   Code   RO            4    .text               startup_stm32f767xx.o
    0x080003a0   0x00000002   Code   RO          371    .text               c_w.l(use_no_semi_2.o)
    0x080003a2   0x00000002   PAD
    0x080003a4   0x0000000c   Code   RO          373    .text               c_w.l(vprintf.o)
    0x080003b0   0x00000018   Code   RO          375    .text               c_w.l(__2printf.o)
    0x080003c8   0x00000052   Code   RO          381    .text               c_w.l(_printf_str.o)
    0x0800041a   0x00000002   PAD
    0x0800041c   0x00000188   Code   RO          400    .text               c_w.l(__printf_flags_ss_wp.o)
    0x080005a4   0x00000006   Code   RO          405    .text               c_w.l(heapauxi.o)
    0x080005aa   0x00000002   Code   RO          409    .text               c_w.l(use_no_semi.o)
    0x080005ac   0x0000004e   Code   RO          412    .text               c_w.l(_printf_pad.o)
    0x080005fa   0x00000024   Code   RO          414    .text               c_w.l(_printf_truncate.o)
    0x0800061e   0x00000002   PAD
    0x08000620   0x00000078   Code   RO          416    .text               c_w.l(_printf_dec.o)
    0x08000698   0x00000028   Code   RO          418    .text               c_w.l(_printf_charcount.o)
    0x080006c0   0x0000002c   Code   RO          420    .text               c_w.l(_printf_char.o)
    0x080006ec   0x00000024   Code   RO          422    .text               c_w.l(_printf_char_file.o)
    0x08000710   0x000000bc   Code   RO          424    .text               c_w.l(_printf_wctomb.o)
    0x080007cc   0x0000007c   Code   RO          427    .text               c_w.l(_printf_longlong_dec.o)
    0x08000848   0x00000070   Code   RO          433    .text               c_w.l(_printf_oct_int_ll.o)
    0x080008b8   0x00000094   Code   RO          453    .text               c_w.l(_printf_hex_int_ll_ptr.o)
    0x0800094c   0x0000008a   Code   RO          501    .text               c_w.l(lludiv10.o)
    0x080009d6   0x000000b2   Code   RO          503    .text               c_w.l(_printf_intcommon.o)
    0x08000a88   0x0000041a   Code   RO          505    .text               c_w.l(_printf_fp_dec.o)
    0x08000ea2   0x00000002   PAD
    0x08000ea4   0x000002fc   Code   RO          507    .text               c_w.l(_printf_fp_hex.o)
    0x080011a0   0x00000030   Code   RO          510    .text               c_w.l(_printf_char_common.o)
    0x080011d0   0x0000002c   Code   RO          512    .text               c_w.l(_printf_wchar.o)
    0x080011fc   0x00000008   Code   RO          514    .text               c_w.l(ferror.o)
    0x08001204   0x00000040   Code   RO          518    .text               c_w.l(_wcrtomb.o)
    0x08001244   0x0000004a   Code   RO          520    .text               c_w.l(sys_stackheap_outer.o)
    0x0800128e   0x00000002   PAD
    0x08001290   0x00000010   Code   RO          522    .text               c_w.l(rt_ctype_table.o)
    0x080012a0   0x00000008   Code   RO          527    .text               c_w.l(rt_locale_intlibspace.o)
    0x080012a8   0x00000080   Code   RO          529    .text               c_w.l(_printf_fp_infnan.o)
    0x08001328   0x000000dc   Code   RO          533    .text               c_w.l(bigflt0.o)
    0x08001404   0x00000012   Code   RO          561    .text               c_w.l(exit.o)
    0x08001416   0x00000002   PAD
    0x08001418   0x00000008   Code   RO          574    .text               c_w.l(libspace.o)
    0x08001420   0x00000068   Code   RO          582    .text               c_w.l(strcmpv7m_pel.o)
    0x08001488   0x0000003e   Code   RO          536    CL$$btod_d2e        c_w.l(btod.o)
    0x080014c6   0x00000046   Code   RO          538    CL$$btod_d2e_denorm_low  c_w.l(btod.o)
    0x0800150c   0x00000060   Code   RO          537    CL$$btod_d2e_norm_op1  c_w.l(btod.o)
    0x0800156c   0x00000338   Code   RO          546    CL$$btod_div_common  c_w.l(btod.o)
    0x080018a4   0x000000c6   Code   RO          543    CL$$btod_e2e        c_w.l(btod.o)
    0x0800196a   0x00000028   Code   RO          540    CL$$btod_ediv       c_w.l(btod.o)
    0x08001992   0x00000028   Code   RO          539    CL$$btod_emul       c_w.l(btod.o)
    0x080019ba   0x00000244   Code   RO          545    CL$$btod_mult_common  c_w.l(btod.o)
    0x08001bfe   0x00000002   PAD
    0x08001c00   0x00000078   Code   RO          163    i.Cache_Enable      sys.o
    0x08001c78   0x00000040   Code   RO          165    i.GPIO_AF_Set       sys.o
    0x08001cb8   0x00000010   Code   RO          167    i.GPIO_Pin_Set      sys.o
    0x08001cc8   0x000000de   Code   RO          168    i.GPIO_Set          sys.o
    0x08001da6   0x00000002   PAD
    0x08001da8   0x00000040   Code   RO          348    i.LED_Init          led.o
    0x08001de8   0x00000078   Code   RO          171    i.MY_NVIC_Init      sys.o
    0x08001e60   0x00000028   Code   RO          172    i.MY_NVIC_PriorityGroupConfig  sys.o
    0x08001e88   0x00000010   Code   RO          173    i.MY_NVIC_SetVectorTable  sys.o
    0x08001e98   0x0000009c   Code   RO          174    i.SCB_EnableDCache  sys.o
    0x08001f34   0x00000070   Code   RO          175    i.Stm32_Clock_Init  sys.o
    0x08001fa4   0x00000114   Code   RO          176    i.Sys_Clock_Set     sys.o
    0x080020b8   0x00000080   Code   RO          289    i.USART1_IRQHandler  usart.o
    0x08002138   0x00000030   Code   RO          572    i.__ARM_fpclassify  m_wv.l(fpclassify.o)
    0x08002168   0x0000000e   Code   RO          393    i._is_digit         c_w.l(__printf_wp.o)
    0x08002176   0x00000004   Code   RO          290    i._sys_exit         usart.o
    0x0800217a   0x00000002   PAD
    0x0800217c   0x00000058   Code   RO           87    i.app_log           log.o
    0x080021d4   0x00000038   Code   RO          118    i.delay_init        delay.o
    0x0800220c   0x00000038   Code   RO          119    i.delay_ms          delay.o
    0x08002244   0x0000003c   Code   RO          121    i.delay_xms         delay.o
    0x08002280   0x0000001c   Code   RO          292    i.fputc             usart.o
    0x0800229c   0x00000174   Code   RO           13    i.main              test.o
    0x08002410   0x000000bc   Code   RO          293    i.uart_init         usart.o
    0x080024cc   0x0000002c   Code   RO          559    locale$$code        c_w.l(lc_numeric_c.o)
    0x080024f8   0x0000002c   Code   RO          580    locale$$code        c_w.l(lc_ctype_c.o)
    0x08002524   0x0000000a   Code   RO          638    x$fpl$fpinit        fz_wv.l(fpinit.o)
    0x0800252e   0x00000004   Code   RO          478    x$fpl$printf1       fz_wv.l(printf1.o)
    0x08002532   0x00000004   Code   RO          480    x$fpl$printf2       fz_wv.l(printf2.o)
    0x08002536   0x00000000   Code   RO          571    x$fpl$usenofp       fz_wv.l(usenofp.o)
    0x08002536   0x00000011   Data   RO          401    .constdata          c_w.l(__printf_flags_ss_wp.o)
    0x08002547   0x00000001   PAD
    0x08002548   0x00000008   Data   RO          425    .constdata          c_w.l(_printf_wctomb.o)
    0x08002550   0x00000028   Data   RO          454    .constdata          c_w.l(_printf_hex_int_ll_ptr.o)
    0x08002578   0x00000026   Data   RO          508    .constdata          c_w.l(_printf_fp_hex.o)
    0x0800259e   0x00000002   PAD
    0x080025a0   0x00000094   Data   RO          534    .constdata          c_w.l(bigflt0.o)
    0x08002634   0x00000020   Data   RO          700    Region$$Table       anon$$obj.o
    0x08002654   0x0000001c   Data   RO          558    locale$$data        c_w.l(lc_numeric_c.o)
    0x08002670   0x00000110   Data   RO          579    locale$$data        c_w.l(lc_ctype_c.o)


    Execution Region RW_IRAM1 (Base: 0x20020000, Size: 0x00000938, Max: 0x00060000, ABSOLUTE)

    Base Addr    Size         Type   Attr      Idx    E Section Name        Object

    0x20020000   0x00000004   Data   RW          122    .data               delay.o
    0x20020004   0x00000006   Data   RW          295    .data               usart.o
    0x2002000a   0x00000002   PAD
    0x2002000c   0x000000c8   Zero   RW          294    .bss                usart.o
    0x200200d4   0x00000060   Zero   RW          575    .bss                c_w.l(libspace.o)
    0x20020134   0x00000004   PAD
    0x20020138   0x00000000   Zero   RW            2    HEAP                startup_stm32f767xx.o
    0x20020138   0x00000800   Zero   RW            1    STACK               startup_stm32f767xx.o


==============================================================================

Image component sizes


      Code (inc. data)   RO Data    RW Data    ZI Data      Debug   Object Name

       172         14          0          4          0       1788   delay.o
        64         10          0          0          0        459   led.o
        88         34          0          0          0       1158   log.o
        92         26        504          0       2048        828   startup_stm32f767xx.o
      1142         56          0          0          0      38111   sys.o
       372        168          0          0          0     242855   test.o
       348         34          0          6        200       3948   usart.o

    ----------------------------------------------------------------------
      2282        342        536         12       2248     289147   Object Totals
         0          0         32          0          0          0   (incl. Generated)
         4          0          0          2          0          0   (incl. Padding)

    ----------------------------------------------------------------------

      Code (inc. data)   RO Data    RW Data    ZI Data      Debug   Library Member Name

        24          4          0          0          0         84   __2printf.o
         8          0          0          0          0         68   __main.o
       392          4         17          0          0         92   __printf_flags_ss_wp.o
        14          0          0          0          0         68   __printf_wp.o
         0          0          0          0          0          0   __rtentry.o
        12          0          0          0          0          0   __rtentry2.o
         6          0          0          0          0          0   __rtentry4.o
        52          8          0          0          0          0   __scatter.o
        26          0          0          0          0          0   __scatter_copy.o
        28          0          0          0          0          0   __scatter_zi.o
         6          0          0          0          0          0   _printf_a.o
         6          0          0          0          0          0   _printf_c.o
        44          0          0          0          0        108   _printf_char.o
        48          6          0          0          0         96   _printf_char_common.o
        36          4          0          0          0         80   _printf_char_file.o
        40          0          0          0          0         68   _printf_charcount.o
         6          0          0          0          0          0   _printf_d.o
       120         16          0          0          0         92   _printf_dec.o
         6          0          0          0          0          0   _printf_e.o
         6          0          0          0          0          0   _printf_f.o
      1050          0          0          0          0        216   _printf_fp_dec.o
       764          8         38          0          0        100   _printf_fp_hex.o
       128         16          0          0          0         84   _printf_fp_infnan.o
         6          0          0          0          0          0   _printf_g.o
       148          4         40          0          0        160   _printf_hex_int_ll_ptr.o
         6          0          0          0          0          0   _printf_i.o
       178          0          0          0          0         88   _printf_intcommon.o
        10          0          0          0          0          0   _printf_l.o
         6          0          0          0          0          0   _printf_lc.o
        10          0          0          0          0          0   _printf_ll.o
         6          0          0          0          0          0   _printf_lld.o
         6          0          0          0          0          0   _printf_lli.o
         6          0          0          0          0          0   _printf_llo.o
         6          0          0          0          0          0   _printf_llu.o
         6          0          0          0          0          0   _printf_llx.o
       124         16          0          0          0         92   _printf_longlong_dec.o
         6          0          0          0          0          0   _printf_ls.o
         6          0          0          0          0          0   _printf_n.o
         6          0          0          0          0          0   _printf_o.o
       112          8          0          0          0        124   _printf_oct_int_ll.o
         6          0          0          0          0          0   _printf_p.o
        78          0          0          0          0        108   _printf_pad.o
         0          0          0          0          0          0   _printf_percent.o
         4          0          0          0          0          0   _printf_percent_end.o
         6          0          0          0          0          0   _printf_s.o
        82          0          0          0          0         80   _printf_str.o
        36          0          0          0          0         84   _printf_truncate.o
         6          0          0          0          0          0   _printf_u.o
        44          0          0          0          0        108   _printf_wchar.o
       188          6          8          0          0         92   _printf_wctomb.o
         6          0          0          0          0          0   _printf_x.o
        64          0          0          0          0         92   _wcrtomb.o
       220          4        148          0          0         96   bigflt0.o
      1910        128          0          0          0        672   btod.o
        18          0          0          0          0         80   exit.o
         8          0          0          0          0         68   ferror.o
         6          0          0          0          0        152   heapauxi.o
        44         10        272          0          0         76   lc_ctype_c.o
        44         10         28          0          0         76   lc_numeric_c.o
         2          0          0          0          0          0   libinit.o
        34          0          0          0          0          0   libinit2.o
         2          0          0          0          0          0   libshutdown.o
         2          0          0          0          0          0   libshutdown2.o
         8          4          0          0         96         68   libspace.o
       138          0          0          0          0         80   lludiv10.o
        16          4          0          0          0         76   rt_ctype_table.o
         8          4          0          0          0         68   rt_locale_intlibspace.o
         2          0          0          0          0          0   rtexit.o
        10          0          0          0          0          0   rtexit2.o
       104          0          0          0          0         68   strcmpv7m_pel.o
        74          0          0          0          0         80   sys_stackheap_outer.o
         2          0          0          0          0         68   use_no_semi.o
         2          0          0          0          0         68   use_no_semi_2.o
        12          4          0          0          0         68   vprintf.o
        10          0          0          0          0        116   fpinit.o
         4          0          0          0          0        116   printf1.o
         4          0          0          0          0        116   printf2.o
         0          0          0          0          0          0   usenofp.o
        48          0          0          0          0        124   fpclassify.o

    ----------------------------------------------------------------------
      6740        268        554          0        100       4520   Library Totals
        18          0          3          0          4          0   (incl. Padding)

    ----------------------------------------------------------------------

      Code (inc. data)   RO Data    RW Data    ZI Data      Debug   Library Name

      6656        268        551          0         96       4048   c_w.l
        18          0          0          0          0        348   fz_wv.l
        48          0          0          0          0        124   m_wv.l

    ----------------------------------------------------------------------
      6740        268        554          0        100       4520   Library Totals

    ----------------------------------------------------------------------

==============================================================================


      Code (inc. data)   RO Data    RW Data    ZI Data      Debug   

      9022        610       1090         12       2348     289583   Grand Totals
      9022        610       1090         12       2348     289583   ELF Image Totals
      9022        610       1090         12          0          0   ROM Totals

==============================================================================

    Total RO  Size (Code + RO Data)                10112 (   9.88kB)
    Total RW  Size (RW Data + ZI Data)              2360 (   2.30kB)
    Total ROM Size (Code + RO Data + RW Data)      10124 (   9.89kB)

==============================================================================

